******************************************************************************
                  TI ARM Linker PC v20.2.4                     
******************************************************************************
>> Linked Fri Jun  3 12:21:13 2022

OUTPUT FILE NAME:   <lab_5.out>
ENTRY POINT SYMBOL: "_c_int00_noargs"  address: 0000338d


MEMORY CONFIGURATION

         name            origin    length      used     unused   attr    fill
----------------------  --------  ---------  --------  --------  ----  --------
  FLASH                 00000000   00040000  000036b9  0003c947  R  X
  SRAM                  20000000   00008000  0000116b  00006e95  RW X


SEGMENT ALLOCATION MAP

run origin  load origin   length   init length attrs members
----------  ----------- ---------- ----------- ----- -------
00000000    00000000    000036c0   000036c0    r-x
  00000000    00000000    0000026c   0000026c    r-- .intvecs
  0000026c    0000026c    000032ec   000032ec    r-x .text
  00003558    00003558    00000109   00000109    r-- .const
  00003668    00003668    00000058   00000058    r-- .cinit
20000000    20000000    00001172   00000000    rw-
  20000000    20000000    0000026c   00000000    rw- .vtable
  20000270    20000270    00000800   00000000    rw- .stack
  20000a70    20000a70    00000400   00000000    rw- .sysmem
  20000e70    20000e70    000002bd   00000000    rw- .bss
  20001130    20001130    00000042   00000000    rw- .data


SECTION ALLOCATION MAP

 output                                  attributes/
section   page    origin      length       input sections
--------  ----  ----------  ----------   ----------------
.intvecs   0    00000000    0000026c     
                  00000000    0000026c     tm4c123gh6pm_startup_ccs.obj (.intvecs)

.text      0    0000026c    000032ec     
                  0000026c    00000a4e     rtsv7M4_T_le_v4SPD16_eabi.lib : _printfi.c.obj (.text:__TI_printfi)
                  00000cba    00000002                                   : div0.asm.obj (.text)
                  00000cbc    000003ec     lab5_template.obj (.text)
                  000010a8    00000328     lcd.obj (.text)
                  000013d0    000002a8     libcybotUART.lib : uart.obj (.text)
                  00001678    00000270     rtsv7M4_T_le_v4SPD16_eabi.lib : _printfi.c.obj (.text:_pconv_a)
                  000018e8    00000260     libcybotScan.lib : cyBot_Scan.obj (.text)
                  00001b48    00000248     Timer.obj (.text)
                  00001d90    000001ec     libcybotScan.lib : ping.obj (.text)
                  00001f7c    000001d0     rtsv7M4_T_le_v4SPD16_eabi.lib : _printfi.c.obj (.text:_pconv_g)
                  0000214c    000001b6                                   : fd_add_t2.asm.obj (.text)
                  00002302    00000002     --HOLE-- [fill = 0]
                  00002304    00000158     libcybotScan.lib : servo.obj (.text)
                  0000245c    0000013c     rtsv7M4_T_le_v4SPD16_eabi.lib : _printfi.c.obj (.text:_pconv_e)
                  00002598    00000136                                   : fd_div_t2.asm.obj (.text)
                  000026ce    00000002     --HOLE-- [fill = 0]
                  000026d0    00000124                                   : _printfi.c.obj (.text:fcvt)
                  000027f4    00000118     libcybotScan.lib : ir.obj (.text)
                  0000290c    00000110     rtsv7M4_T_le_v4SPD16_eabi.lib : s_scalbn.c.obj (.text:scalbn)
                  00002a1c    00000108     button.obj (.text)
                  00002b24    000000fc     rtsv7M4_T_le_v4SPD16_eabi.lib : fd_mul_t2.asm.obj (.text)
                  00002c20    000000b1                                   : _printfi.c.obj (.text:_ltostr)
                  00002cd1    00000001     --HOLE-- [fill = 0]
                  00002cd2    0000009c                                   : memcpy_t2.asm.obj (.text)
                  00002d6e    00000096                                   : ull_div_t2.asm.obj (.text)
                  00002e04    00000086                                   : fd_cmp_t2.asm.obj (.text:__aeabi_cdcmple)
                  00002e8a    00000086                                   : fd_cmp_t2.asm.obj (.text:__aeabi_cdrcmple)
                  00002f10    0000007a                                   : memset_t2.asm.obj (.text)
                  00002f8a    0000006e                                   : _printfi.c.obj (.text:_mcpy)
                  00002ff8    00000068                                   : copy_decompress_lzss.c.obj (.text:decompress:lzss:__TI_decompress_lzss)
                  00003060    00000064                                   : s_frexp.c.obj (.text:frexp)
                  000030c4    00000056                                   : _printfi.c.obj (.text:_pconv_f)
                  0000311a    00000054                                   : _ltoa.c.obj (.text:__TI_ltoa)
                  0000316e    00000052                                   : _printfi.c.obj (.text:_ecpy)
                  000031c0    0000004c                                   : atoi.c.obj (.text:atoi)
                  0000320c    00000048                                   : fd_toi_t2.asm.obj (.text)
                  00003254    00000044                                   : autoinit.c.obj (.text:__TI_auto_init_nobinit_nopinit:__TI_auto_init_nobinit_nopinit)
                  00003298    00000040                                   : sprintf.c.obj (.text:sprintf)
                  000032d8    00000040                                   : vsnprintf.c.obj (.text:vsnprintf)
                  00003318    0000003e                                   : _printfi.c.obj (.text:_fcpy)
                  00003356    00000002     --HOLE-- [fill = 0]
                  00003358    00000034     driverlib.lib : interrupt.obj (.text:IntRegister)
                  0000338c    00000034     rtsv7M4_T_le_v4SPD16_eabi.lib : boot_cortex_m.c.obj (.text:_c_int00_noargs:_c_int00_noargs)
                  000033c0    00000030                                   : vsnprintf.c.obj (.text:_outs)
                  000033f0    0000002e                                   : i_tofd_t2.asm.obj (.text)
                  0000341e    0000001c                                   : memccpy.c.obj (.text:memccpy)
                  0000343a    0000001a                                   : s_copysign.c.obj (.text:copysign)
                  00003454    00000018                                   : vsnprintf.c.obj (.text:_outc)
                  0000346c    00000018                                   : sprintf.c.obj (.text:_outs)
                  00003484    00000018                                   : strcmp.c.obj (.text:strcmp)
                  0000349c    00000016                                   : strchr.c.obj (.text:strchr)
                  000034b2    00000014                                   : strcpy.c.obj (.text:strcpy)
                  000034c6    00000014                                   : strlen.c.obj (.text:strlen)
                  000034da    00000012                                   : wcslen.c.obj (.text:wcslen)
                  000034ec    00000010     driverlib.lib : interrupt.obj (.text:IntMasterEnable)
                  000034fc    00000010     lcd.obj (.text:lcd_clear)
                  0000350c    0000000e     rtsv7M4_T_le_v4SPD16_eabi.lib : copy_decompress_none.c.obj (.text:decompress:none:__TI_decompress_none)
                  0000351a    0000000c     driverlib.lib : cpu.obj (.text:CPUcpsie)
                  00003526    0000000c     rtsv7M4_T_le_v4SPD16_eabi.lib : copy_zero_init.c.obj (.text:decompress:ZI:__TI_zero_init)
                  00003532    0000000c     tm4c123gh6pm_startup_ccs.obj (.text)
                  0000353e    0000000a     rtsv7M4_T_le_v4SPD16_eabi.lib : sprintf.c.obj (.text:_outc)
                  00003548    00000008                                   : errno.c.obj (.text:__aeabi_errno_addr)
                  00003550    00000004                                   : pre_init.c.obj (.text:_system_pre_init)
                  00003554    00000004                                   : exit.c.obj (.text:abort:abort)

.const     0    00003558    00000109     
                  00003558    00000101     rtsv7M4_T_le_v4SPD16_eabi.lib : ctype.c.obj (.const:.string:_ctypes_)
                  00003659    00000004     lcd.obj (.const:.string:lineAddress$1)
                  0000365d    00000004     lcd.obj (.const:.string:lineAddresses$2)

.cinit     0    00003668    00000058     
                  00003668    00000020     (.cinit..data.load) [load image, compression = lzss]
                  00003688    0000000c     (__TI_handler_table)
                  00003694    00000004     --HOLE-- [fill = 0]
                  00003698    00000008     (.cinit..bss.load) [load image, compression = zero_init]
                  000036a0    00000008     (.cinit..vtable.load) [load image, compression = zero_init]
                  000036a8    00000018     (__TI_cinit_table)

.init_array 
*          0    00000000    00000000     UNINITIALIZED

.vtable    0    20000000    0000026c     UNINITIALIZED
                  20000000    0000026c     driverlib.lib : interrupt.obj (.vtable)

.stack     0    20000270    00000800     UNINITIALIZED
                  20000270    00000004     rtsv7M4_T_le_v4SPD16_eabi.lib : boot_cortex_m.c.obj (.stack)
                  20000274    000007fc     --HOLE--

.sysmem    0    20000a70    00000400     UNINITIALIZED
                  20000a70    00000010     rtsv7M4_T_le_v4SPD16_eabi.lib : memory.c.obj (.sysmem)
                  20000a80    000003f0     --HOLE--

.bss       0    20000e70    000002bd     UNINITIALIZED
                  20000e70    000001f4     (.common:putty)
                  20001064    00000054     lcd.obj (.bss:lastbuffer$3)
                  200010b8    00000034     (.common:isr_char_buffer)
                  200010ec    00000004     (.common:_timeout_ticks)
                  200010f0    00000008     (.common:distance)
                  200010f8    00000008     (.common:scan)
                  20001100    00000004     (.common:button_event)
                  20001104    00000004     (.common:button_num)
                  20001108    00000004     (.common:fallingEdge)
                  2000110c    00000004     (.common:i)
                  20001110    00000004     (.common:ir_dist_total)
                  20001114    00000004     (.common:isr_int_value)
                  20001118    00000004     (.common:j)
                  2000111c    00000004     (.common:left_calibration_value)
                  20001120    00000004     (.common:pulseLength)
                  20001124    00000004     (.common:right_calibration_value)
                  20001128    00000004     (.common:risingEdge)
                  2000112c    00000001     (.common:isRisingEdge)

.data      0    20001130    00000042     UNINITIALIZED
                  20001130    0000000d     lab5_template.obj (.data:header1)
                  2000113d    0000000d     lab5_template.obj (.data:header2)
                  2000114a    0000000d     lab5_template.obj (.data:header3)
                  20001157    0000000d     lab5_template.obj (.data:header4)
                  20001164    00000004     libcybotScan.lib : cyBot_Scan.obj (.data)
                  20001168    00000004     libcybotUART.lib : uart.obj (.data)
                  2000116c    00000004     rtsv7M4_T_le_v4SPD16_eabi.lib : errno.c.obj (.data)
                  20001170    00000001     Timer.obj (.data)
                  20001171    00000001     button.obj (.data)

__llvm_prf_cnts 
*          0    20000000    00000000     UNINITIALIZED

MODULE SUMMARY

       Module                         code    ro data   rw data
       ------                         ----    -------   -------
    .\
       lab5_template.obj              1004    0         588    
       lcd.obj                        824     8         84     
       tm4c123gh6pm_startup_ccs.obj   12      620       0      
       Timer.obj                      584     0         5      
       button.obj                     264     0         9      
    +--+------------------------------+-------+---------+---------+
       Total:                         2688    628       686    
                                                               
    ../libcybotScan.lib
       cyBot_Scan.obj                 608     0         4      
       ping.obj                       492     0         13     
       servo.obj                      344     0         0      
       ir.obj                         280     0         4      
    +--+------------------------------+-------+---------+---------+
       Total:                         1724    0         21     
                                                               
    ../libcybotUART.lib
       uart.obj                       680     0         56     
    +--+------------------------------+-------+---------+---------+
       Total:                         680     0         56     
                                                               
    C:/ti/TivaWare_C_Series-2.1.4.178/driverlib/ccs/Debug/driverlib.lib
       interrupt.obj                  68      0         620    
       cpu.obj                        12      0         0      
    +--+------------------------------+-------+---------+---------+
       Total:                         80      0         620    
                                                               
    C:\ti\ccs1031\ccs\tools\compiler\ti-cgt-arm_20.2.4.LTS\lib\rtsv7M4_T_le_v4SPD16_eabi.lib
       _printfi.c.obj                 4851    0         0      
       fd_add_t2.asm.obj              438     0         0      
       fd_div_t2.asm.obj              310     0         0      
       s_scalbn.c.obj                 272     0         0      
       fd_cmp_t2.asm.obj              268     0         0      
       ctype.c.obj                    0       257       0      
       fd_mul_t2.asm.obj              252     0         0      
       memcpy_t2.asm.obj              156     0         0      
       ull_div_t2.asm.obj             150     0         0      
       vsnprintf.c.obj                136     0         0      
       memset_t2.asm.obj              122     0         0      
       copy_decompress_lzss.c.obj     104     0         0      
       s_frexp.c.obj                  100     0         0      
       sprintf.c.obj                  98      0         0      
       _ltoa.c.obj                    84      0         0      
       atoi.c.obj                     76      0         0      
       fd_toi_t2.asm.obj              72      0         0      
       autoinit.c.obj                 68      0         0      
       boot_cortex_m.c.obj            52      0         0      
       i_tofd_t2.asm.obj              46      0         0      
       memccpy.c.obj                  28      0         0      
       s_copysign.c.obj               26      0         0      
       strcmp.c.obj                   24      0         0      
       strchr.c.obj                   22      0         0      
       strcpy.c.obj                   20      0         0      
       strlen.c.obj                   20      0         0      
       wcslen.c.obj                   18      0         0      
       copy_decompress_none.c.obj     14      0         0      
       copy_zero_init.c.obj           12      0         0      
       errno.c.obj                    8       0         4      
       exit.c.obj                     4       0         0      
       pre_init.c.obj                 4       0         0      
       div0.asm.obj                   2       0         0      
    +--+------------------------------+-------+---------+---------+
       Total:                         7857    257       4      
                                                               
       Heap:                          0       0         1024   
       Stack:                         0       0         2048   
       Linker Generated:              0       84        0      
    +--+------------------------------+-------+---------+---------+
       Grand Total:                   13029   969       4459   


LINKER GENERATED COPY TABLES

__TI_cinit_table @ 000036a8 records: 3, size/record: 8, table size: 24
	.data: load addr=00003668, load size=00000020 bytes, run addr=20001130, run size=00000042 bytes, compression=lzss
	.bss: load addr=00003698, load size=00000008 bytes, run addr=20000e70, run size=000002bd bytes, compression=zero_init
	.vtable: load addr=000036a0, load size=00000008 bytes, run addr=20000000, run size=0000026c bytes, compression=zero_init


LINKER GENERATED HANDLER TABLE

__TI_handler_table @ 00003688 records: 3, size/record: 4, table size: 12
	index: 0, handler: __TI_zero_init
	index: 1, handler: __TI_decompress_lzss
	index: 2, handler: __TI_decompress_none


GLOBAL SYMBOLS: SORTED ALPHABETICALLY BY Name 

address   name                          
-------   ----                          
0000288d  ADC0SS0_Handler               
00003555  C$$EXIT                       
0000351b  CPUcpsie                      
000034ed  IntMasterEnable               
00003359  IntRegister                   
00003533  ResetISR                      
00001e81  TIMER3B_Handler               
20000a70  __STACK_END                   
00000800  __STACK_SIZE                  
20000470  __STACK_TOP                   
00000400  __SYSMEM_SIZE                 
000036a8  __TI_CINIT_Base               
000036c0  __TI_CINIT_Limit              
00003688  __TI_Handler_Table_Base       
00003694  __TI_Handler_Table_Limit      
00003255  __TI_auto_init_nobinit_nopinit
00002ff9  __TI_decompress_lzss          
0000350d  __TI_decompress_none          
0000311b  __TI_ltoa                     
ffffffff  __TI_pprof_out_hndl           
0000026d  __TI_printfi                  
ffffffff  __TI_prof_data_size           
ffffffff  __TI_prof_data_start          
00000000  __TI_static_base__            
00003527  __TI_zero_init                
00002e05  __aeabi_cdcmpeq               
00002e05  __aeabi_cdcmple               
00002e8b  __aeabi_cdrcmple              
0000320d  __aeabi_d2iz                  
00002157  __aeabi_dadd                  
00002599  __aeabi_ddiv                  
00002b25  __aeabi_dmul                  
0000214d  __aeabi_dsub                  
00003549  __aeabi_errno_addr            
000033f1  __aeabi_i2d                   
00000cbb  __aeabi_idiv0                 
00000cbb  __aeabi_ldiv0                 
00002f11  __aeabi_memclr                
00002f11  __aeabi_memclr4               
00002f11  __aeabi_memclr8               
00002cd3  __aeabi_memcpy                
00002cd3  __aeabi_memcpy4               
00002cd3  __aeabi_memcpy8               
00002f13  __aeabi_memset                
00002f13  __aeabi_memset4               
00002f13  __aeabi_memset8               
00002d6f  __aeabi_uldivmod              
ffffffff  __binit__                     
ffffffff  __c_args__                    
UNDEFED   __mpu_init                    
20000270  __stack                       
20000000  __start___llvm_prf_cnts       
20000000  __stop___llvm_prf_cnts        
0000338d  _c_int00_noargs               
00003558  _ctypes_                      
20001170  _running                      
20000a70  _sys_memory                   
UNDEFED   _system_post_cinit            
00003551  _system_pre_init              
200010ec  _timeout_ticks                
00003555  abort                         
000031c1  atoi                          
ffffffff  binit                         
20001100  button_event                  
00002aad  button_getButton              
00002a1d  button_init                   
20001104  button_num                    
0000343b  copysign                      
0000343b  copysignl                     
000019c1  cyBOT_SERVO_cal               
0000194f  cyBOT_Scan                    
000018f7  cyBOT_init_Scan               
20001164  cyBOT_scan_features           
000018e9  cyBOT_scan_version            
0000161d  cyBot_UART1_Handler           
0000160f  cyBot_getByte_blocking        
000015ef  cyBot_getByte_nonblocking     
000013d1  cyBot_sendByte                
000015d5  cyBot_uart_flush              
0000153f  cyBot_uart_init               
000014df  cyBot_uart_init_PHJ_first_half
00001487  cyBot_uart_init_clean         
0000140f  cyBot_uart_init_last_half     
000013f7  cyBot_uart_sendBuffer         
000013dd  cyBot_uart_sendStr            
200010f0  distance                      
2000116c  errno                         
20001108  fallingEdge                   
00003061  frexp                         
00003061  frexpl                        
20000000  g_pfnRAMVectors               
00000000  g_pfnVectors                  
00002a95  gpioe_handler                 
20001130  header1                       
2000113d  header2                       
2000114a  header3                       
20001157  header4                       
2000110c  i                             
00002a51  init_button_interrupts        
20001110  ir_dist_total                 
000028a3  ir_enableInterrupt            
00002885  ir_getDistance                
0000285d  ir_getValue                   
000027f5  ir_init                       
2000112c  isRisingEdge                  
200010b8  isr_char_buffer               
20001168  isr_counter                   
20001114  isr_int_value                 
20001118  j                             
000034fd  lcd_clear                     
0000127d  lcd_gotoLine                  
000010e5  lcd_init                      
000012e3  lcd_printf                    
000011a5  lcd_putc                      
000011dd  lcd_puts                      
000010a9  lcd_reverseNibble             
000011fb  lcd_sendCommand               
00001239  lcd_sendNibble                
000012a5  lcd_setCursorPos              
0000290d  ldexp                         
0000290d  ldexpl                        
2000111c  left_calibration_value        
00000cbd  main                          
0000341f  memccpy                       
00002cd3  memcpy                        
00002f19  memset                        
00001ed3  ping_getDistance              
00001d91  ping_init                     
00001e17  ping_trigger                  
20001120  pulseLength                   
20000e70  putty                         
20001124  right_calibration_value       
20001128  risingEdge                    
0000290d  scalbn                        
0000290d  scalbnl                       
200010f8  scan                          
00002305  servo_init                    
00002395  servo_move                    
000023f5  servo_setPWM                  
00002389  servo_stop                    
00003299  sprintf                       
0000349d  strchr                        
00003485  strcmp                        
000034b3  strcpy                        
000034c7  strlen                        
00001c67  timer_getMicros               
00001c0f  timer_getMillis               
00001b49  timer_init                    
00001beb  timer_pause                   
00001bfd  timer_resume                  
00001bc1  timer_stop                    
00001cc1  timer_waitMicros              
00001cf3  timer_waitMillis              
000032d9  vsnprintf                     
000034db  wcslen                        


GLOBAL SYMBOLS: SORTED BY Symbol Address 

address   name                          
-------   ----                          
00000000  __TI_static_base__            
00000000  g_pfnVectors                  
0000026d  __TI_printfi                  
00000400  __SYSMEM_SIZE                 
00000800  __STACK_SIZE                  
00000cbb  __aeabi_idiv0                 
00000cbb  __aeabi_ldiv0                 
00000cbd  main                          
000010a9  lcd_reverseNibble             
000010e5  lcd_init                      
000011a5  lcd_putc                      
000011dd  lcd_puts                      
000011fb  lcd_sendCommand               
00001239  lcd_sendNibble                
0000127d  lcd_gotoLine                  
000012a5  lcd_setCursorPos              
000012e3  lcd_printf                    
000013d1  cyBot_sendByte                
000013dd  cyBot_uart_sendStr            
000013f7  cyBot_uart_sendBuffer         
0000140f  cyBot_uart_init_last_half     
00001487  cyBot_uart_init_clean         
000014df  cyBot_uart_init_PHJ_first_half
0000153f  cyBot_uart_init               
000015d5  cyBot_uart_flush              
000015ef  cyBot_getByte_nonblocking     
0000160f  cyBot_getByte_blocking        
0000161d  cyBot_UART1_Handler           
000018e9  cyBOT_scan_version            
000018f7  cyBOT_init_Scan               
0000194f  cyBOT_Scan                    
000019c1  cyBOT_SERVO_cal               
00001b49  timer_init                    
00001bc1  timer_stop                    
00001beb  timer_pause                   
00001bfd  timer_resume                  
00001c0f  timer_getMillis               
00001c67  timer_getMicros               
00001cc1  timer_waitMicros              
00001cf3  timer_waitMillis              
00001d91  ping_init                     
00001e17  ping_trigger                  
00001e81  TIMER3B_Handler               
00001ed3  ping_getDistance              
0000214d  __aeabi_dsub                  
00002157  __aeabi_dadd                  
00002305  servo_init                    
00002389  servo_stop                    
00002395  servo_move                    
000023f5  servo_setPWM                  
00002599  __aeabi_ddiv                  
000027f5  ir_init                       
0000285d  ir_getValue                   
00002885  ir_getDistance                
0000288d  ADC0SS0_Handler               
000028a3  ir_enableInterrupt            
0000290d  ldexp                         
0000290d  ldexpl                        
0000290d  scalbn                        
0000290d  scalbnl                       
00002a1d  button_init                   
00002a51  init_button_interrupts        
00002a95  gpioe_handler                 
00002aad  button_getButton              
00002b25  __aeabi_dmul                  
00002cd3  __aeabi_memcpy                
00002cd3  __aeabi_memcpy4               
00002cd3  __aeabi_memcpy8               
00002cd3  memcpy                        
00002d6f  __aeabi_uldivmod              
00002e05  __aeabi_cdcmpeq               
00002e05  __aeabi_cdcmple               
00002e8b  __aeabi_cdrcmple              
00002f11  __aeabi_memclr                
00002f11  __aeabi_memclr4               
00002f11  __aeabi_memclr8               
00002f13  __aeabi_memset                
00002f13  __aeabi_memset4               
00002f13  __aeabi_memset8               
00002f19  memset                        
00002ff9  __TI_decompress_lzss          
00003061  frexp                         
00003061  frexpl                        
0000311b  __TI_ltoa                     
000031c1  atoi                          
0000320d  __aeabi_d2iz                  
00003255  __TI_auto_init_nobinit_nopinit
00003299  sprintf                       
000032d9  vsnprintf                     
00003359  IntRegister                   
0000338d  _c_int00_noargs               
000033f1  __aeabi_i2d                   
0000341f  memccpy                       
0000343b  copysign                      
0000343b  copysignl                     
00003485  strcmp                        
0000349d  strchr                        
000034b3  strcpy                        
000034c7  strlen                        
000034db  wcslen                        
000034ed  IntMasterEnable               
000034fd  lcd_clear                     
0000350d  __TI_decompress_none          
0000351b  CPUcpsie                      
00003527  __TI_zero_init                
00003533  ResetISR                      
00003549  __aeabi_errno_addr            
00003551  _system_pre_init              
00003555  C$$EXIT                       
00003555  abort                         
00003558  _ctypes_                      
00003688  __TI_Handler_Table_Base       
00003694  __TI_Handler_Table_Limit      
000036a8  __TI_CINIT_Base               
000036c0  __TI_CINIT_Limit              
20000000  __start___llvm_prf_cnts       
20000000  __stop___llvm_prf_cnts        
20000000  g_pfnRAMVectors               
20000270  __stack                       
20000470  __STACK_TOP                   
20000a70  __STACK_END                   
20000a70  _sys_memory                   
20000e70  putty                         
200010b8  isr_char_buffer               
200010ec  _timeout_ticks                
200010f0  distance                      
200010f8  scan                          
20001100  button_event                  
20001104  button_num                    
20001108  fallingEdge                   
2000110c  i                             
20001110  ir_dist_total                 
20001114  isr_int_value                 
20001118  j                             
2000111c  left_calibration_value        
20001120  pulseLength                   
20001124  right_calibration_value       
20001128  risingEdge                    
2000112c  isRisingEdge                  
20001130  header1                       
2000113d  header2                       
2000114a  header3                       
20001157  header4                       
20001164  cyBOT_scan_features           
20001168  isr_counter                   
2000116c  errno                         
20001170  _running                      
ffffffff  __TI_pprof_out_hndl           
ffffffff  __TI_prof_data_size           
ffffffff  __TI_prof_data_start          
ffffffff  __binit__                     
ffffffff  __c_args__                    
ffffffff  binit                         
UNDEFED   __mpu_init                    
UNDEFED   _system_post_cinit            

[155 symbols]
