<?xml version="1.0" encoding="ISO-8859-1" ?>
<link_info>
   <banner>TI ARM Linker PC v20.2.4.LTS</banner>
   <copyright>Copyright (c) 1996-2018 Texas Instruments Incorporated</copyright>
   <link_time>0x628d2463</link_time>
   <link_errors>0x0</link_errors>
   <output_file>lab_2.out</output_file>
   <entry_point>
      <name>_c_int00_noargs</name>
      <address>0x1e11</address>
   </entry_point>
   <input_file_list>
      <input_file id="fl-2">
         <path>.\</path>
         <kind>object</kind>
         <file>Timer.obj</file>
         <name>Timer.obj</name>
      </input_file>
      <input_file id="fl-3">
         <path>.\</path>
         <kind>object</kind>
         <file>lcd.obj</file>
         <name>lcd.obj</name>
      </input_file>
      <input_file id="fl-4">
         <path>.\</path>
         <kind>object</kind>
         <file>main.obj</file>
         <name>main.obj</name>
      </input_file>
      <input_file id="fl-5">
         <path>.\</path>
         <kind>object</kind>
         <file>movement.obj</file>
         <name>movement.obj</name>
      </input_file>
      <input_file id="fl-6">
         <path>.\</path>
         <kind>object</kind>
         <file>open_interface.obj</file>
         <name>open_interface.obj</name>
      </input_file>
      <input_file id="fl-7">
         <path>.\</path>
         <kind>object</kind>
         <file>resetSimulation.obj</file>
         <name>resetSimulation.obj</name>
      </input_file>
      <input_file id="fl-8">
         <path>.\</path>
         <kind>object</kind>
         <file>tm4c123gh6pm_startup_ccs.obj</file>
         <name>tm4c123gh6pm_startup_ccs.obj</name>
      </input_file>
      <input_file id="fl-d">
         <kind>object</kind>
         <file>&lt;internal&gt;</file>
         <name>&lt;internal&gt;</name>
      </input_file>
      <input_file id="fl-c3">
         <path>C:\ti\ccs1031\ccs\tools\compiler\ti-cgt-arm_20.2.4.LTS\lib\</path>
         <kind>archive</kind>
         <file>rtsv7M4_T_le_v4SPD16_eabi.lib</file>
         <name>vsnprintf.c.obj</name>
      </input_file>
      <input_file id="fl-c4">
         <path>C:\ti\ccs1031\ccs\tools\compiler\ti-cgt-arm_20.2.4.LTS\lib\</path>
         <kind>archive</kind>
         <file>rtsv7M4_T_le_v4SPD16_eabi.lib</file>
         <name>fd_add_t2.asm.obj</name>
      </input_file>
      <input_file id="fl-c5">
         <path>C:\ti\ccs1031\ccs\tools\compiler\ti-cgt-arm_20.2.4.LTS\lib\</path>
         <kind>archive</kind>
         <file>rtsv7M4_T_le_v4SPD16_eabi.lib</file>
         <name>fd_cmp_t2.asm.obj</name>
      </input_file>
      <input_file id="fl-c6">
         <path>C:\ti\ccs1031\ccs\tools\compiler\ti-cgt-arm_20.2.4.LTS\lib\</path>
         <kind>archive</kind>
         <file>rtsv7M4_T_le_v4SPD16_eabi.lib</file>
         <name>fd_div_t2.asm.obj</name>
      </input_file>
      <input_file id="fl-c7">
         <path>C:\ti\ccs1031\ccs\tools\compiler\ti-cgt-arm_20.2.4.LTS\lib\</path>
         <kind>archive</kind>
         <file>rtsv7M4_T_le_v4SPD16_eabi.lib</file>
         <name>fd_mul_t2.asm.obj</name>
      </input_file>
      <input_file id="fl-c8">
         <path>C:\ti\ccs1031\ccs\tools\compiler\ti-cgt-arm_20.2.4.LTS\lib\</path>
         <kind>archive</kind>
         <file>rtsv7M4_T_le_v4SPD16_eabi.lib</file>
         <name>fd_tos_t2.asm.obj</name>
      </input_file>
      <input_file id="fl-c9">
         <path>C:\ti\ccs1031\ccs\tools\compiler\ti-cgt-arm_20.2.4.LTS\lib\</path>
         <kind>archive</kind>
         <file>rtsv7M4_T_le_v4SPD16_eabi.lib</file>
         <name>fs_tod_t2.asm.obj</name>
      </input_file>
      <input_file id="fl-ca">
         <path>C:\ti\ccs1031\ccs\tools\compiler\ti-cgt-arm_20.2.4.LTS\lib\</path>
         <kind>archive</kind>
         <file>rtsv7M4_T_le_v4SPD16_eabi.lib</file>
         <name>i_tofd_t2.asm.obj</name>
      </input_file>
      <input_file id="fl-cb">
         <path>C:\ti\ccs1031\ccs\tools\compiler\ti-cgt-arm_20.2.4.LTS\lib\</path>
         <kind>archive</kind>
         <file>rtsv7M4_T_le_v4SPD16_eabi.lib</file>
         <name>memcpy_t2.asm.obj</name>
      </input_file>
      <input_file id="fl-cc">
         <path>C:\ti\ccs1031\ccs\tools\compiler\ti-cgt-arm_20.2.4.LTS\lib\</path>
         <kind>archive</kind>
         <file>rtsv7M4_T_le_v4SPD16_eabi.lib</file>
         <name>copy_zero_init.c.obj</name>
      </input_file>
      <input_file id="fl-cd">
         <path>C:\ti\ccs1031\ccs\tools\compiler\ti-cgt-arm_20.2.4.LTS\lib\</path>
         <kind>archive</kind>
         <file>rtsv7M4_T_le_v4SPD16_eabi.lib</file>
         <name>copy_decompress_none.c.obj</name>
      </input_file>
      <input_file id="fl-ce">
         <path>C:\ti\ccs1031\ccs\tools\compiler\ti-cgt-arm_20.2.4.LTS\lib\</path>
         <kind>archive</kind>
         <file>rtsv7M4_T_le_v4SPD16_eabi.lib</file>
         <name>copy_decompress_lzss.c.obj</name>
      </input_file>
      <input_file id="fl-cf">
         <path>C:\ti\ccs1031\ccs\tools\compiler\ti-cgt-arm_20.2.4.LTS\lib\</path>
         <kind>archive</kind>
         <file>rtsv7M4_T_le_v4SPD16_eabi.lib</file>
         <name>memory.c.obj</name>
      </input_file>
      <input_file id="fl-d0">
         <path>C:\ti\ccs1031\ccs\tools\compiler\ti-cgt-arm_20.2.4.LTS\lib\</path>
         <kind>archive</kind>
         <file>rtsv7M4_T_le_v4SPD16_eabi.lib</file>
         <name>strcmp.c.obj</name>
      </input_file>
      <input_file id="fl-d1">
         <path>C:\ti\ccs1031\ccs\tools\compiler\ti-cgt-arm_20.2.4.LTS\lib\</path>
         <kind>archive</kind>
         <file>rtsv7M4_T_le_v4SPD16_eabi.lib</file>
         <name>strcpy.c.obj</name>
      </input_file>
      <input_file id="fl-d2">
         <path>C:\ti\ccs1031\ccs\tools\compiler\ti-cgt-arm_20.2.4.LTS\lib\</path>
         <kind>archive</kind>
         <file>rtsv7M4_T_le_v4SPD16_eabi.lib</file>
         <name>boot_cortex_m.c.obj</name>
      </input_file>
      <input_file id="fl-d3">
         <path>C:\ti\ccs1031\ccs\tools\compiler\ti-cgt-arm_20.2.4.LTS\lib\</path>
         <kind>archive</kind>
         <file>rtsv7M4_T_le_v4SPD16_eabi.lib</file>
         <name>_printfi.c.obj</name>
      </input_file>
      <input_file id="fl-d4">
         <path>C:\ti\ccs1031\ccs\tools\compiler\ti-cgt-arm_20.2.4.LTS\lib\</path>
         <kind>archive</kind>
         <file>rtsv7M4_T_le_v4SPD16_eabi.lib</file>
         <name>s_frexp.c.obj</name>
      </input_file>
      <input_file id="fl-d5">
         <path>C:\ti\ccs1031\ccs\tools\compiler\ti-cgt-arm_20.2.4.LTS\lib\</path>
         <kind>archive</kind>
         <file>rtsv7M4_T_le_v4SPD16_eabi.lib</file>
         <name>s_scalbn.c.obj</name>
      </input_file>
      <input_file id="fl-d6">
         <path>C:\ti\ccs1031\ccs\tools\compiler\ti-cgt-arm_20.2.4.LTS\lib\</path>
         <kind>archive</kind>
         <file>rtsv7M4_T_le_v4SPD16_eabi.lib</file>
         <name>s_copysign.c.obj</name>
      </input_file>
      <input_file id="fl-d7">
         <path>C:\ti\ccs1031\ccs\tools\compiler\ti-cgt-arm_20.2.4.LTS\lib\</path>
         <kind>archive</kind>
         <file>rtsv7M4_T_le_v4SPD16_eabi.lib</file>
         <name>ull_div_t2.asm.obj</name>
      </input_file>
      <input_file id="fl-d8">
         <path>C:\ti\ccs1031\ccs\tools\compiler\ti-cgt-arm_20.2.4.LTS\lib\</path>
         <kind>archive</kind>
         <file>rtsv7M4_T_le_v4SPD16_eabi.lib</file>
         <name>memset_t2.asm.obj</name>
      </input_file>
      <input_file id="fl-d9">
         <path>C:\ti\ccs1031\ccs\tools\compiler\ti-cgt-arm_20.2.4.LTS\lib\</path>
         <kind>archive</kind>
         <file>rtsv7M4_T_le_v4SPD16_eabi.lib</file>
         <name>fd_toi_t2.asm.obj</name>
      </input_file>
      <input_file id="fl-da">
         <path>C:\ti\ccs1031\ccs\tools\compiler\ti-cgt-arm_20.2.4.LTS\lib\</path>
         <kind>archive</kind>
         <file>rtsv7M4_T_le_v4SPD16_eabi.lib</file>
         <name>autoinit.c.obj</name>
      </input_file>
      <input_file id="fl-db">
         <path>C:\ti\ccs1031\ccs\tools\compiler\ti-cgt-arm_20.2.4.LTS\lib\</path>
         <kind>archive</kind>
         <file>rtsv7M4_T_le_v4SPD16_eabi.lib</file>
         <name>pre_init.c.obj</name>
      </input_file>
      <input_file id="fl-dc">
         <path>C:\ti\ccs1031\ccs\tools\compiler\ti-cgt-arm_20.2.4.LTS\lib\</path>
         <kind>archive</kind>
         <file>rtsv7M4_T_le_v4SPD16_eabi.lib</file>
         <name>cpy_tbl.c.obj</name>
      </input_file>
      <input_file id="fl-dd">
         <path>C:\ti\ccs1031\ccs\tools\compiler\ti-cgt-arm_20.2.4.LTS\lib\</path>
         <kind>archive</kind>
         <file>rtsv7M4_T_le_v4SPD16_eabi.lib</file>
         <name>exit.c.obj</name>
      </input_file>
      <input_file id="fl-de">
         <path>C:\ti\ccs1031\ccs\tools\compiler\ti-cgt-arm_20.2.4.LTS\lib\</path>
         <kind>archive</kind>
         <file>rtsv7M4_T_le_v4SPD16_eabi.lib</file>
         <name>_lock.c.obj</name>
      </input_file>
      <input_file id="fl-df">
         <path>C:\ti\ccs1031\ccs\tools\compiler\ti-cgt-arm_20.2.4.LTS\lib\</path>
         <kind>archive</kind>
         <file>rtsv7M4_T_le_v4SPD16_eabi.lib</file>
         <name>_ltoa.c.obj</name>
      </input_file>
      <input_file id="fl-e0">
         <path>C:\ti\ccs1031\ccs\tools\compiler\ti-cgt-arm_20.2.4.LTS\lib\</path>
         <kind>archive</kind>
         <file>rtsv7M4_T_le_v4SPD16_eabi.lib</file>
         <name>args_main.c.obj</name>
      </input_file>
      <input_file id="fl-e1">
         <path>C:\ti\ccs1031\ccs\tools\compiler\ti-cgt-arm_20.2.4.LTS\lib\</path>
         <kind>archive</kind>
         <file>rtsv7M4_T_le_v4SPD16_eabi.lib</file>
         <name>atoi.c.obj</name>
      </input_file>
      <input_file id="fl-e2">
         <path>C:\ti\ccs1031\ccs\tools\compiler\ti-cgt-arm_20.2.4.LTS\lib\</path>
         <kind>archive</kind>
         <file>rtsv7M4_T_le_v4SPD16_eabi.lib</file>
         <name>ctype.c.obj</name>
      </input_file>
      <input_file id="fl-e3">
         <path>C:\ti\ccs1031\ccs\tools\compiler\ti-cgt-arm_20.2.4.LTS\lib\</path>
         <kind>archive</kind>
         <file>rtsv7M4_T_le_v4SPD16_eabi.lib</file>
         <name>memccpy.c.obj</name>
      </input_file>
      <input_file id="fl-e4">
         <path>C:\ti\ccs1031\ccs\tools\compiler\ti-cgt-arm_20.2.4.LTS\lib\</path>
         <kind>archive</kind>
         <file>rtsv7M4_T_le_v4SPD16_eabi.lib</file>
         <name>strchr.c.obj</name>
      </input_file>
      <input_file id="fl-e5">
         <path>C:\ti\ccs1031\ccs\tools\compiler\ti-cgt-arm_20.2.4.LTS\lib\</path>
         <kind>archive</kind>
         <file>rtsv7M4_T_le_v4SPD16_eabi.lib</file>
         <name>strlen.c.obj</name>
      </input_file>
      <input_file id="fl-e6">
         <path>C:\ti\ccs1031\ccs\tools\compiler\ti-cgt-arm_20.2.4.LTS\lib\</path>
         <kind>archive</kind>
         <file>rtsv7M4_T_le_v4SPD16_eabi.lib</file>
         <name>errno.c.obj</name>
      </input_file>
      <input_file id="fl-e7">
         <path>C:\ti\ccs1031\ccs\tools\compiler\ti-cgt-arm_20.2.4.LTS\lib\</path>
         <kind>archive</kind>
         <file>rtsv7M4_T_le_v4SPD16_eabi.lib</file>
         <name>wcslen.c.obj</name>
      </input_file>
      <input_file id="fl-e8">
         <path>C:\ti\ccs1031\ccs\tools\compiler\ti-cgt-arm_20.2.4.LTS\lib\</path>
         <kind>archive</kind>
         <file>rtsv7M4_T_le_v4SPD16_eabi.lib</file>
         <name>div0.asm.obj</name>
      </input_file>
      <input_file id="fl-e9">
         <path>C:\ti\TivaWare_C_Series-2.1.4.178\driverlib\ccs\Debug\</path>
         <kind>archive</kind>
         <file>driverlib.lib</file>
         <name>interrupt.obj</name>
      </input_file>
      <input_file id="fl-ea">
         <path>C:\ti\TivaWare_C_Series-2.1.4.178\driverlib\ccs\Debug\</path>
         <kind>archive</kind>
         <file>driverlib.lib</file>
         <name>cpu.obj</name>
      </input_file>
   </input_file_list>
   <object_component_list>
      <object_component id="oc-12">
         <name>.intvecs</name>
         <load_address>0x0</load_address>
         <run_address>0x0</run_address>
         <size>0x26c</size>
         <input_file_ref idref="fl-8"/>
      </object_component>
      <object_component id="oc-d7">
         <name>.text</name>
         <load_address>0x26c</load_address>
         <run_address>0x26c</run_address>
         <size>0xc20</size>
         <input_file_ref idref="fl-6"/>
      </object_component>
      <object_component id="oc-dd">
         <name>.text</name>
         <load_address>0xe8c</load_address>
         <run_address>0xe8c</run_address>
         <size>0x31c</size>
         <input_file_ref idref="fl-5"/>
      </object_component>
      <object_component id="oc-131">
         <name>.text</name>
         <load_address>0x11a8</load_address>
         <run_address>0x11a8</run_address>
         <size>0x248</size>
         <input_file_ref idref="fl-2"/>
      </object_component>
      <object_component id="oc-162">
         <name>.text</name>
         <load_address>0x13f0</load_address>
         <run_address>0x13f0</run_address>
         <size>0x1b6</size>
         <input_file_ref idref="fl-c4"/>
      </object_component>
      <object_component id="oc-158">
         <name>.text</name>
         <load_address>0x15a6</load_address>
         <run_address>0x15a6</run_address>
         <size>0x136</size>
         <input_file_ref idref="fl-c6"/>
      </object_component>
      <object_component id="oc-211">
         <name>.text:aligned_alloc</name>
         <load_address>0x16dc</load_address>
         <run_address>0x16dc</run_address>
         <size>0x100</size>
         <input_file_ref idref="fl-cf"/>
      </object_component>
      <object_component id="oc-153">
         <name>.text</name>
         <load_address>0x17dc</load_address>
         <run_address>0x17dc</run_address>
         <size>0xfc</size>
         <input_file_ref idref="fl-c7"/>
      </object_component>
      <object_component id="oc-12b">
         <name>.text:free</name>
         <load_address>0x18d8</load_address>
         <run_address>0x18d8</run_address>
         <size>0xe4</size>
         <input_file_ref idref="fl-cf"/>
      </object_component>
      <object_component id="oc-3e">
         <name>.text</name>
         <load_address>0x19bc</load_address>
         <run_address>0x19bc</run_address>
         <size>0x9c</size>
         <input_file_ref idref="fl-cb"/>
      </object_component>
      <object_component id="oc-17c">
         <name>.text:__aeabi_cdcmple</name>
         <load_address>0x1a58</load_address>
         <run_address>0x1a58</run_address>
         <size>0x86</size>
         <input_file_ref idref="fl-c5"/>
      </object_component>
      <object_component id="oc-181">
         <name>.text:__aeabi_cdrcmple</name>
         <load_address>0x1ade</load_address>
         <run_address>0x1ade</run_address>
         <size>0x86</size>
         <input_file_ref idref="fl-c5"/>
      </object_component>
      <object_component id="oc-96">
         <name>.text</name>
         <load_address>0x1b64</load_address>
         <run_address>0x1b64</run_address>
         <size>0x7a</size>
         <input_file_ref idref="fl-d8"/>
      </object_component>
      <object_component id="oc-1f2">
         <name>.text:_nop</name>
         <load_address>0x1bde</load_address>
         <run_address>0x1bde</run_address>
         <size>0x2</size>
         <input_file_ref idref="fl-de"/>
      </object_component>
      <object_component id="oc-236">
         <name>.text:split</name>
         <load_address>0x1be0</load_address>
         <run_address>0x1be0</run_address>
         <size>0x70</size>
         <input_file_ref idref="fl-cf"/>
      </object_component>
      <object_component id="oc-16a">
         <name>.text</name>
         <load_address>0x1c50</load_address>
         <run_address>0x1c50</run_address>
         <size>0x6e</size>
         <input_file_ref idref="fl-c8"/>
      </object_component>
      <object_component id="oc-15">
         <name>.text:decompress:lzss:__TI_decompress_lzss</name>
         <load_address>0x1cbe</load_address>
         <run_address>0x1cbe</run_address>
         <size>0x68</size>
         <input_file_ref idref="fl-ce"/>
      </object_component>
      <object_component id="oc-f1">
         <name>.text:__TI_auto_init_nobinit_nopinit:__TI_auto_init_nobinit_nopinit</name>
         <load_address>0x1d28</load_address>
         <run_address>0x1d28</run_address>
         <size>0x44</size>
         <input_file_ref idref="fl-da"/>
      </object_component>
      <object_component id="oc-125">
         <name>.text:calloc</name>
         <load_address>0x1d6c</load_address>
         <run_address>0x1d6c</run_address>
         <size>0x38</size>
         <input_file_ref idref="fl-cf"/>
      </object_component>
      <object_component id="oc-16f">
         <name>.text</name>
         <load_address>0x1da4</load_address>
         <run_address>0x1da4</run_address>
         <size>0x38</size>
         <input_file_ref idref="fl-c9"/>
      </object_component>
      <object_component id="oc-144">
         <name>.text:IntRegister</name>
         <load_address>0x1ddc</load_address>
         <run_address>0x1ddc</run_address>
         <size>0x34</size>
         <input_file_ref idref="fl-e9"/>
      </object_component>
      <object_component id="oc-5c">
         <name>.text:_c_int00_noargs:_c_int00_noargs</name>
         <load_address>0x1e10</load_address>
         <run_address>0x1e10</run_address>
         <size>0x34</size>
         <input_file_ref idref="fl-d2"/>
      </object_component>
      <object_component id="oc-a2">
         <name>.text</name>
         <load_address>0x1e44</load_address>
         <run_address>0x1e44</run_address>
         <size>0x34</size>
         <input_file_ref idref="fl-4"/>
      </object_component>
      <object_component id="oc-15d">
         <name>.text</name>
         <load_address>0x1e78</load_address>
         <run_address>0x1e78</run_address>
         <size>0x2e</size>
         <input_file_ref idref="fl-ca"/>
      </object_component>
      <object_component id="oc-1bc">
         <name>.text:free_list_insert</name>
         <load_address>0x1ea8</load_address>
         <run_address>0x1ea8</run_address>
         <size>0x28</size>
         <input_file_ref idref="fl-cf"/>
      </object_component>
      <object_component id="oc-4a">
         <name>.text:decompress:ZI:__TI_zero_init_nomemset:__TI_zero_init_nomemset</name>
         <load_address>0x1ed0</load_address>
         <run_address>0x1ed0</run_address>
         <size>0x1c</size>
         <input_file_ref idref="fl-cc"/>
      </object_component>
      <object_component id="oc-1b6">
         <name>.text:free_list_remove</name>
         <load_address>0x1eec</load_address>
         <run_address>0x1eec</run_address>
         <size>0x1c</size>
         <input_file_ref idref="fl-cf"/>
      </object_component>
      <object_component id="oc-137">
         <name>.text:oi_parseInt</name>
         <load_address>0x1f08</load_address>
         <run_address>0x1f08</run_address>
         <size>0x18</size>
         <input_file_ref idref="fl-6"/>
      </object_component>
      <object_component id="oc-13e">
         <name>.text:strcmp</name>
         <load_address>0x1f20</load_address>
         <run_address>0x1f20</run_address>
         <size>0x18</size>
         <input_file_ref idref="fl-d0"/>
      </object_component>
      <object_component id="oc-14a">
         <name>.text:IntMasterEnable</name>
         <load_address>0x1f38</load_address>
         <run_address>0x1f38</run_address>
         <size>0x10</size>
         <input_file_ref idref="fl-e9"/>
      </object_component>
      <object_component id="oc-1b">
         <name>.text:decompress:none:__TI_decompress_none</name>
         <load_address>0x1f48</load_address>
         <run_address>0x1f48</run_address>
         <size>0xe</size>
         <input_file_ref idref="fl-cd"/>
      </object_component>
      <object_component id="oc-1d4">
         <name>.text:CPUcpsie</name>
         <load_address>0x1f56</load_address>
         <run_address>0x1f56</run_address>
         <size>0xc</size>
         <input_file_ref idref="fl-ea"/>
      </object_component>
      <object_component id="oc-2a">
         <name>.text</name>
         <load_address>0x1f62</load_address>
         <run_address>0x1f62</run_address>
         <size>0xc</size>
         <input_file_ref idref="fl-8"/>
      </object_component>
      <object_component id="oc-1af">
         <name>.text:malloc</name>
         <load_address>0x1f6e</load_address>
         <run_address>0x1f6e</run_address>
         <size>0x8</size>
         <input_file_ref idref="fl-cf"/>
      </object_component>
      <object_component id="oc-9c">
         <name>.text:_system_pre_init</name>
         <load_address>0x1f76</load_address>
         <run_address>0x1f76</run_address>
         <size>0x4</size>
         <input_file_ref idref="fl-db"/>
      </object_component>
      <object_component id="oc-e5">
         <name>.text:abort:abort</name>
         <load_address>0x1f7a</load_address>
         <run_address>0x1f7a</run_address>
         <size>0x4</size>
         <input_file_ref idref="fl-dd"/>
      </object_component>
      <object_component id="oc-167">
         <name>.const:.string:$P$T0$3</name>
         <load_address>0x1f7e</load_address>
         <run_address>0x1f7e</run_address>
         <size>0xf</size>
         <input_file_ref idref="fl-6"/>
      </object_component>
      <object_component id="oc-273">
         <name>.cinit..data.load</name>
         <load_address>0x1f90</load_address>
         <run_address>0x1f90</run_address>
         <size>0x18</size>
      </object_component>
      <object_component id="oc-270">
         <name>__TI_handler_table</name>
         <load_address>0x1fa8</load_address>
         <run_address>0x1fa8</run_address>
         <size>0xc</size>
      </object_component>
      <object_component id="oc-274">
         <name>.cinit..bss.load</name>
         <load_address>0x1fb8</load_address>
         <run_address>0x1fb8</run_address>
         <size>0x8</size>
      </object_component>
      <object_component id="oc-272">
         <name>.cinit..vtable.load</name>
         <load_address>0x1fc0</load_address>
         <run_address>0x1fc0</run_address>
         <size>0x8</size>
      </object_component>
      <object_component id="oc-271">
         <name>__TI_cinit_table</name>
         <load_address>0x1fc8</load_address>
         <run_address>0x1fc8</run_address>
         <size>0x18</size>
      </object_component>
      <object_component id="oc-1ca">
         <name>.vtable</name>
         <uninitialized>true</uninitialized>
         <run_address>0x20000000</run_address>
         <size>0x26c</size>
         <input_file_ref idref="fl-e9"/>
      </object_component>
      <object_component id="oc-1c3">
         <name>.data</name>
         <load_address>0x20000ea0</load_address>
         <run_address>0x20000ea0</run_address>
         <size>0x1</size>
         <input_file_ref idref="fl-2"/>
      </object_component>
      <object_component id="oc-150">
         <name>.data</name>
         <load_address>0x20000e70</load_address>
         <run_address>0x20000e70</run_address>
         <size>0x20</size>
         <input_file_ref idref="fl-6"/>
      </object_component>
      <object_component id="oc-218">
         <name>.data:$O1$$</name>
         <load_address>0x20000e98</load_address>
         <run_address>0x20000e98</run_address>
         <size>0x8</size>
         <input_file_ref idref="fl-cf"/>
      </object_component>
      <object_component id="oc-193">
         <name>.data:$O1$$</name>
         <load_address>0x20000e90</load_address>
         <run_address>0x20000e90</run_address>
         <size>0x8</size>
         <input_file_ref idref="fl-de"/>
      </object_component>
      <object_component id="oc-174">
         <name>.bss:firmware$2</name>
         <uninitialized>true</uninitialized>
         <run_address>0x20000ea4</run_address>
         <size>0x18</size>
         <input_file_ref idref="fl-6"/>
      </object_component>
      <object_component id="oc-1c6">
         <name>.common:_timeout_ticks</name>
         <uninitialized>true</uninitialized>
         <run_address>0x20000ebc</run_address>
         <size>0x4</size>
      </object_component>
      <object_component id="oc-24">
         <name>.sysmem</name>
         <uninitialized>true</uninitialized>
         <run_address>0x20000a70</run_address>
         <size>0x10</size>
         <input_file_ref idref="fl-cf"/>
      </object_component>
      <object_component id="oc-277">
         <name>.sysmem</name>
         <uninitialized>true</uninitialized>
         <run_address>0x20000a70</run_address>
         <size>0x0</size>
      </object_component>
      <object_component id="oc-27">
         <name>.stack</name>
         <uninitialized>true</uninitialized>
         <run_address>0x20000270</run_address>
         <size>0x4</size>
         <input_file_ref idref="fl-d2"/>
      </object_component>
      <object_component id="oc-276">
         <name>.stack</name>
         <uninitialized>true</uninitialized>
         <run_address>0x20000270</run_address>
         <size>0x0</size>
      </object_component>
      <object_component id="oc-c5">
         <name>.debug_info</name>
         <load_address>0x0</load_address>
         <run_address>0x0</run_address>
         <size>0x2ab</size>
         <input_file_ref idref="fl-2"/>
      </object_component>
      <object_component id="oc-1c4">
         <name>.debug_info</name>
         <load_address>0x2ab</load_address>
         <run_address>0x2ab</run_address>
         <size>0xb9</size>
         <input_file_ref idref="fl-2"/>
      </object_component>
      <object_component id="oc-135">
         <name>.debug_info</name>
         <load_address>0x364</load_address>
         <run_address>0x364</run_address>
         <size>0x501</size>
         <input_file_ref idref="fl-2"/>
      </object_component>
      <object_component id="oc-77">
         <name>.debug_info</name>
         <load_address>0x865</load_address>
         <run_address>0x865</run_address>
         <size>0x26b</size>
         <input_file_ref idref="fl-2"/>
      </object_component>
      <object_component id="oc-39">
         <name>.debug_info</name>
         <load_address>0xad0</load_address>
         <run_address>0xad0</run_address>
         <size>0x84</size>
         <input_file_ref idref="fl-2"/>
      </object_component>
      <object_component id="oc-c0">
         <name>.debug_info</name>
         <load_address>0xb54</load_address>
         <run_address>0xb54</run_address>
         <size>0x2a4</size>
         <input_file_ref idref="fl-2"/>
      </object_component>
      <object_component id="oc-7c">
         <name>.debug_info</name>
         <load_address>0xdf8</load_address>
         <run_address>0xdf8</run_address>
         <size>0xbb</size>
         <input_file_ref idref="fl-2"/>
      </object_component>
      <object_component id="oc-226">
         <name>.debug_info</name>
         <load_address>0xeb3</load_address>
         <run_address>0xeb3</run_address>
         <size>0x373</size>
         <input_file_ref idref="fl-3"/>
      </object_component>
      <object_component id="oc-1e7">
         <name>.debug_info</name>
         <load_address>0x1226</load_address>
         <run_address>0x1226</run_address>
         <size>0xcc</size>
         <input_file_ref idref="fl-3"/>
      </object_component>
      <object_component id="oc-241">
         <name>.debug_info</name>
         <load_address>0x12f2</load_address>
         <run_address>0x12f2</run_address>
         <size>0x2c</size>
         <input_file_ref idref="fl-3"/>
      </object_component>
      <object_component id="oc-e4">
         <name>.debug_info</name>
         <load_address>0x131e</load_address>
         <run_address>0x131e</run_address>
         <size>0x313</size>
         <input_file_ref idref="fl-4"/>
      </object_component>
      <object_component id="oc-a4">
         <name>.debug_info</name>
         <load_address>0x1631</load_address>
         <run_address>0x1631</run_address>
         <size>0x13f</size>
         <input_file_ref idref="fl-4"/>
      </object_component>
      <object_component id="oc-18a">
         <name>.debug_info</name>
         <load_address>0x1770</load_address>
         <run_address>0x1770</run_address>
         <size>0x5aa</size>
         <input_file_ref idref="fl-4"/>
      </object_component>
      <object_component id="oc-187">
         <name>.debug_info</name>
         <load_address>0x1d1a</load_address>
         <run_address>0x1d1a</run_address>
         <size>0x2d4</size>
         <input_file_ref idref="fl-5"/>
      </object_component>
      <object_component id="oc-e0">
         <name>.debug_info</name>
         <load_address>0x1fee</load_address>
         <run_address>0x1fee</run_address>
         <size>0x9b0</size>
         <input_file_ref idref="fl-5"/>
      </object_component>
      <object_component id="oc-176">
         <name>.debug_info</name>
         <load_address>0x299e</load_address>
         <run_address>0x299e</run_address>
         <size>0x3f0</size>
         <input_file_ref idref="fl-6"/>
      </object_component>
      <object_component id="oc-151">
         <name>.debug_info</name>
         <load_address>0x2d8e</load_address>
         <run_address>0x2d8e</run_address>
         <size>0x10b</size>
         <input_file_ref idref="fl-6"/>
      </object_component>
      <object_component id="oc-168">
         <name>.debug_info</name>
         <load_address>0x2e99</load_address>
         <run_address>0x2e99</run_address>
         <size>0xc0</size>
         <input_file_ref idref="fl-6"/>
      </object_component>
      <object_component id="oc-138">
         <name>.debug_info</name>
         <load_address>0x2f59</load_address>
         <run_address>0x2f59</run_address>
         <size>0x138</size>
         <input_file_ref idref="fl-6"/>
      </object_component>
      <object_component id="oc-d9">
         <name>.debug_info</name>
         <load_address>0x3091</load_address>
         <run_address>0x3091</run_address>
         <size>0x1982</size>
         <input_file_ref idref="fl-6"/>
      </object_component>
      <object_component id="oc-177">
         <name>.debug_info</name>
         <load_address>0x4a13</load_address>
         <run_address>0x4a13</run_address>
         <size>0x8b</size>
         <input_file_ref idref="fl-6"/>
      </object_component>
      <object_component id="oc-32">
         <name>.debug_info</name>
         <load_address>0x4a9e</load_address>
         <run_address>0x4a9e</run_address>
         <size>0x295</size>
         <input_file_ref idref="fl-8"/>
      </object_component>
      <object_component id="oc-13">
         <name>.debug_info</name>
         <load_address>0x4d33</load_address>
         <run_address>0x4d33</run_address>
         <size>0xd4</size>
         <input_file_ref idref="fl-8"/>
      </object_component>
      <object_component id="oc-2b">
         <name>.debug_info</name>
         <load_address>0x4e07</load_address>
         <run_address>0x4e07</run_address>
         <size>0x250</size>
         <input_file_ref idref="fl-8"/>
      </object_component>
      <object_component id="oc-165">
         <name>.debug_info</name>
         <load_address>0x5057</load_address>
         <run_address>0x5057</run_address>
         <size>0x14c</size>
         <input_file_ref idref="fl-c4"/>
      </object_component>
      <object_component id="oc-17d">
         <name>.debug_info</name>
         <load_address>0x51a3</load_address>
         <run_address>0x51a3</run_address>
         <size>0x128</size>
         <input_file_ref idref="fl-c5"/>
      </object_component>
      <object_component id="oc-183">
         <name>.debug_info</name>
         <load_address>0x52cb</load_address>
         <run_address>0x52cb</run_address>
         <size>0x12a</size>
         <input_file_ref idref="fl-c5"/>
      </object_component>
      <object_component id="oc-159">
         <name>.debug_info</name>
         <load_address>0x53f5</load_address>
         <run_address>0x53f5</run_address>
         <size>0x13a</size>
         <input_file_ref idref="fl-c6"/>
      </object_component>
      <object_component id="oc-155">
         <name>.debug_info</name>
         <load_address>0x552f</load_address>
         <run_address>0x552f</run_address>
         <size>0x13a</size>
         <input_file_ref idref="fl-c7"/>
      </object_component>
      <object_component id="oc-16c">
         <name>.debug_info</name>
         <load_address>0x5669</load_address>
         <run_address>0x5669</run_address>
         <size>0x13e</size>
         <input_file_ref idref="fl-c8"/>
      </object_component>
      <object_component id="oc-170">
         <name>.debug_info</name>
         <load_address>0x57a7</load_address>
         <run_address>0x57a7</run_address>
         <size>0x12c</size>
         <input_file_ref idref="fl-c9"/>
      </object_component>
      <object_component id="oc-15e">
         <name>.debug_info</name>
         <load_address>0x58d3</load_address>
         <run_address>0x58d3</run_address>
         <size>0x12c</size>
         <input_file_ref idref="fl-ca"/>
      </object_component>
      <object_component id="oc-40">
         <name>.debug_info</name>
         <load_address>0x59ff</load_address>
         <run_address>0x59ff</run_address>
         <size>0x119</size>
         <input_file_ref idref="fl-cb"/>
      </object_component>
      <object_component id="oc-95">
         <name>.debug_info</name>
         <load_address>0x5b18</load_address>
         <run_address>0x5b18</run_address>
         <size>0x2d4</size>
         <input_file_ref idref="fl-cc"/>
      </object_component>
      <object_component id="oc-4d">
         <name>.debug_info</name>
         <load_address>0x5dec</load_address>
         <run_address>0x5dec</run_address>
         <size>0x1d2</size>
         <input_file_ref idref="fl-cc"/>
      </object_component>
      <object_component id="oc-90">
         <name>.debug_info</name>
         <load_address>0x5fbe</load_address>
         <run_address>0x5fbe</run_address>
         <size>0x46</size>
         <input_file_ref idref="fl-cc"/>
      </object_component>
      <object_component id="oc-ce">
         <name>.debug_info</name>
         <load_address>0x6004</load_address>
         <run_address>0x6004</run_address>
         <size>0x2c</size>
         <input_file_ref idref="fl-cc"/>
      </object_component>
      <object_component id="oc-49">
         <name>.debug_info</name>
         <load_address>0x6030</load_address>
         <run_address>0x6030</run_address>
         <size>0x2a8</size>
         <input_file_ref idref="fl-cd"/>
      </object_component>
      <object_component id="oc-1d">
         <name>.debug_info</name>
         <load_address>0x62d8</load_address>
         <run_address>0x62d8</run_address>
         <size>0x1ea</size>
         <input_file_ref idref="fl-cd"/>
      </object_component>
      <object_component id="oc-44">
         <name>.debug_info</name>
         <load_address>0x64c2</load_address>
         <run_address>0x64c2</run_address>
         <size>0x46</size>
         <input_file_ref idref="fl-cd"/>
      </object_component>
      <object_component id="oc-88">
         <name>.debug_info</name>
         <load_address>0x6508</load_address>
         <run_address>0x6508</run_address>
         <size>0x2c</size>
         <input_file_ref idref="fl-cd"/>
      </object_component>
      <object_component id="oc-86">
         <name>.debug_info</name>
         <load_address>0x6534</load_address>
         <run_address>0x6534</run_address>
         <size>0x29e</size>
         <input_file_ref idref="fl-ce"/>
      </object_component>
      <object_component id="oc-18">
         <name>.debug_info</name>
         <load_address>0x67d2</load_address>
         <run_address>0x67d2</run_address>
         <size>0x250</size>
         <input_file_ref idref="fl-ce"/>
      </object_component>
      <object_component id="oc-34">
         <name>.debug_info</name>
         <load_address>0x6a22</load_address>
         <run_address>0x6a22</run_address>
         <size>0x60</size>
         <input_file_ref idref="fl-ce"/>
      </object_component>
      <object_component id="oc-c7">
         <name>.debug_info</name>
         <load_address>0x6a82</load_address>
         <run_address>0x6a82</run_address>
         <size>0x46</size>
         <input_file_ref idref="fl-ce"/>
      </object_component>
      <object_component id="oc-81">
         <name>.debug_info</name>
         <load_address>0x6ac8</load_address>
         <run_address>0x6ac8</run_address>
         <size>0x39</size>
         <input_file_ref idref="fl-ce"/>
      </object_component>
      <object_component id="oc-70">
         <name>.debug_info</name>
         <load_address>0x6b01</load_address>
         <run_address>0x6b01</run_address>
         <size>0x3b2</size>
         <input_file_ref idref="fl-cf"/>
      </object_component>
      <object_component id="oc-25">
         <name>.debug_info</name>
         <load_address>0x6eb3</load_address>
         <run_address>0x6eb3</run_address>
         <size>0x10c</size>
         <input_file_ref idref="fl-cf"/>
      </object_component>
      <object_component id="oc-219">
         <name>.debug_info</name>
         <load_address>0x6fbf</load_address>
         <run_address>0x6fbf</run_address>
         <size>0x13f</size>
         <input_file_ref idref="fl-cf"/>
      </object_component>
      <object_component id="oc-1b3">
         <name>.debug_info</name>
         <load_address>0x70fe</load_address>
         <run_address>0x70fe</run_address>
         <size>0x168</size>
         <input_file_ref idref="fl-cf"/>
      </object_component>
      <object_component id="oc-1ba">
         <name>.debug_info</name>
         <load_address>0x7266</load_address>
         <run_address>0x7266</run_address>
         <size>0x18e</size>
         <input_file_ref idref="fl-cf"/>
      </object_component>
      <object_component id="oc-1c0">
         <name>.debug_info</name>
         <load_address>0x73f4</load_address>
         <run_address>0x73f4</run_address>
         <size>0x19f</size>
         <input_file_ref idref="fl-cf"/>
      </object_component>
      <object_component id="oc-12f">
         <name>.debug_info</name>
         <load_address>0x7593</load_address>
         <run_address>0x7593</run_address>
         <size>0x203</size>
         <input_file_ref idref="fl-cf"/>
      </object_component>
      <object_component id="oc-23a">
         <name>.debug_info</name>
         <load_address>0x7796</load_address>
         <run_address>0x7796</run_address>
         <size>0x1db</size>
         <input_file_ref idref="fl-cf"/>
      </object_component>
      <object_component id="oc-128">
         <name>.debug_info</name>
         <load_address>0x7971</load_address>
         <run_address>0x7971</run_address>
         <size>0x1a5</size>
         <input_file_ref idref="fl-cf"/>
      </object_component>
      <object_component id="oc-214">
         <name>.debug_info</name>
         <load_address>0x7b16</load_address>
         <run_address>0x7b16</run_address>
         <size>0x299</size>
         <input_file_ref idref="fl-cf"/>
      </object_component>
      <object_component id="oc-bb">
         <name>.debug_info</name>
         <load_address>0x7daf</load_address>
         <run_address>0x7daf</run_address>
         <size>0xb2</size>
         <input_file_ref idref="fl-cf"/>
      </object_component>
      <object_component id="oc-b6">
         <name>.debug_info</name>
         <load_address>0x7e61</load_address>
         <run_address>0x7e61</run_address>
         <size>0x2c</size>
         <input_file_ref idref="fl-cf"/>
      </object_component>
      <object_component id="oc-1c9">
         <name>.debug_info</name>
         <load_address>0x7e8d</load_address>
         <run_address>0x7e8d</run_address>
         <size>0x28a</size>
         <input_file_ref idref="fl-d0"/>
      </object_component>
      <object_component id="oc-13f">
         <name>.debug_info</name>
         <load_address>0x8117</load_address>
         <run_address>0x8117</run_address>
         <size>0x273</size>
         <input_file_ref idref="fl-d0"/>
      </object_component>
      <object_component id="oc-28">
         <name>.debug_info</name>
         <load_address>0x838a</load_address>
         <run_address>0x838a</run_address>
         <size>0x10b</size>
         <input_file_ref idref="fl-d2"/>
      </object_component>
      <object_component id="oc-60">
         <name>.debug_info</name>
         <load_address>0x8495</load_address>
         <run_address>0x8495</run_address>
         <size>0x1a9</size>
         <input_file_ref idref="fl-d2"/>
      </object_component>
      <object_component id="oc-98">
         <name>.debug_info</name>
         <load_address>0x863e</load_address>
         <run_address>0x863e</run_address>
         <size>0x147</size>
         <input_file_ref idref="fl-d8"/>
      </object_component>
      <object_component id="oc-19a">
         <name>.debug_info</name>
         <load_address>0x8785</load_address>
         <run_address>0x8785</run_address>
         <size>0x4b3</size>
         <input_file_ref idref="fl-da"/>
      </object_component>
      <object_component id="oc-f3">
         <name>.debug_info</name>
         <load_address>0x8c38</load_address>
         <run_address>0x8c38</run_address>
         <size>0x1a6</size>
         <input_file_ref idref="fl-da"/>
      </object_component>
      <object_component id="oc-200">
         <name>.debug_info</name>
         <load_address>0x8dde</load_address>
         <run_address>0x8dde</run_address>
         <size>0x39</size>
         <input_file_ref idref="fl-da"/>
      </object_component>
      <object_component id="oc-22a">
         <name>.debug_info</name>
         <load_address>0x8e17</load_address>
         <run_address>0x8e17</run_address>
         <size>0x39</size>
         <input_file_ref idref="fl-da"/>
      </object_component>
      <object_component id="oc-205">
         <name>.debug_info</name>
         <load_address>0x8e50</load_address>
         <run_address>0x8e50</run_address>
         <size>0x39</size>
         <input_file_ref idref="fl-da"/>
      </object_component>
      <object_component id="oc-20a">
         <name>.debug_info</name>
         <load_address>0x8e89</load_address>
         <run_address>0x8e89</run_address>
         <size>0xcd</size>
         <input_file_ref idref="fl-da"/>
      </object_component>
      <object_component id="oc-9e">
         <name>.debug_info</name>
         <load_address>0x8f56</load_address>
         <run_address>0x8f56</run_address>
         <size>0x153</size>
         <input_file_ref idref="fl-db"/>
      </object_component>
      <object_component id="oc-e9">
         <name>.debug_info</name>
         <load_address>0x90a9</load_address>
         <run_address>0x90a9</run_address>
         <size>0x122</size>
         <input_file_ref idref="fl-dd"/>
      </object_component>
      <object_component id="oc-1fa">
         <name>.debug_info</name>
         <load_address>0x91cb</load_address>
         <run_address>0x91cb</run_address>
         <size>0x2c9</size>
         <input_file_ref idref="fl-de"/>
      </object_component>
      <object_component id="oc-194">
         <name>.debug_info</name>
         <load_address>0x9494</load_address>
         <run_address>0x9494</run_address>
         <size>0x11e</size>
         <input_file_ref idref="fl-de"/>
      </object_component>
      <object_component id="oc-1f3">
         <name>.debug_info</name>
         <load_address>0x95b2</load_address>
         <run_address>0x95b2</run_address>
         <size>0x12e</size>
         <input_file_ref idref="fl-de"/>
      </object_component>
      <object_component id="oc-1d3">
         <name>.debug_info</name>
         <load_address>0x96e0</load_address>
         <run_address>0x96e0</run_address>
         <size>0x20e</size>
         <input_file_ref idref="fl-e9"/>
      </object_component>
      <object_component id="oc-1cb">
         <name>.debug_info</name>
         <load_address>0x98ee</load_address>
         <run_address>0x98ee</run_address>
         <size>0x157</size>
         <input_file_ref idref="fl-e9"/>
      </object_component>
      <object_component id="oc-145">
         <name>.debug_info</name>
         <load_address>0x9a45</load_address>
         <run_address>0x9a45</run_address>
         <size>0x2c1</size>
         <input_file_ref idref="fl-e9"/>
      </object_component>
      <object_component id="oc-14d">
         <name>.debug_info</name>
         <load_address>0x9d06</load_address>
         <run_address>0x9d06</run_address>
         <size>0x23e</size>
         <input_file_ref idref="fl-e9"/>
      </object_component>
      <object_component id="oc-1ce">
         <name>.debug_info</name>
         <load_address>0x9f44</load_address>
         <run_address>0x9f44</run_address>
         <size>0x18b</size>
         <input_file_ref idref="fl-e9"/>
      </object_component>
      <object_component id="oc-1d5">
         <name>.debug_info</name>
         <load_address>0xa0cf</load_address>
         <run_address>0xa0cf</run_address>
         <size>0x212</size>
         <input_file_ref idref="fl-ea"/>
      </object_component>
      <object_component id="oc-278">
         <name>.debug_info</name>
         <load_address>0xa2e1</load_address>
         <run_address>0xa2e1</run_address>
         <size>0x87</size>
      </object_component>
      <object_component id="oc-124">
         <name>.debug_line</name>
         <load_address>0x0</load_address>
         <run_address>0x0</run_address>
         <size>0x69</size>
         <input_file_ref idref="fl-2"/>
      </object_component>
      <object_component id="oc-21e">
         <name>.debug_line</name>
         <load_address>0x69</load_address>
         <run_address>0x69</run_address>
         <size>0x2e</size>
         <input_file_ref idref="fl-2"/>
      </object_component>
      <object_component id="oc-134">
         <name>.debug_line</name>
         <load_address>0x97</load_address>
         <run_address>0x97</run_address>
         <size>0x179</size>
         <input_file_ref idref="fl-2"/>
      </object_component>
      <object_component id="oc-7a">
         <name>.debug_line</name>
         <load_address>0x210</load_address>
         <run_address>0x210</run_address>
         <size>0x6f</size>
         <input_file_ref idref="fl-2"/>
      </object_component>
      <object_component id="oc-3c">
         <name>.debug_line</name>
         <load_address>0x27f</load_address>
         <run_address>0x27f</run_address>
         <size>0x20</size>
         <input_file_ref idref="fl-2"/>
      </object_component>
      <object_component id="oc-c3">
         <name>.debug_line</name>
         <load_address>0x29f</load_address>
         <run_address>0x29f</run_address>
         <size>0x73</size>
         <input_file_ref idref="fl-2"/>
      </object_component>
      <object_component id="oc-7f">
         <name>.debug_line</name>
         <load_address>0x312</load_address>
         <run_address>0x312</run_address>
         <size>0x70</size>
         <input_file_ref idref="fl-2"/>
      </object_component>
      <object_component id="oc-240">
         <name>.debug_line</name>
         <load_address>0x382</load_address>
         <run_address>0x382</run_address>
         <size>0xc3</size>
         <input_file_ref idref="fl-3"/>
      </object_component>
      <object_component id="oc-1ea">
         <name>.debug_line</name>
         <load_address>0x445</load_address>
         <run_address>0x445</run_address>
         <size>0x6a</size>
         <input_file_ref idref="fl-3"/>
      </object_component>
      <object_component id="oc-244">
         <name>.debug_line</name>
         <load_address>0x4af</load_address>
         <run_address>0x4af</run_address>
         <size>0x6b</size>
         <input_file_ref idref="fl-3"/>
      </object_component>
      <object_component id="oc-189">
         <name>.debug_line</name>
         <load_address>0x51a</load_address>
         <run_address>0x51a</run_address>
         <size>0x48</size>
         <input_file_ref idref="fl-4"/>
      </object_component>
      <object_component id="oc-a3">
         <name>.debug_line</name>
         <load_address>0x562</load_address>
         <run_address>0x562</run_address>
         <size>0x4a</size>
         <input_file_ref idref="fl-4"/>
      </object_component>
      <object_component id="oc-18d">
         <name>.debug_line</name>
         <load_address>0x5ac</load_address>
         <run_address>0x5ac</run_address>
         <size>0x37</size>
         <input_file_ref idref="fl-4"/>
      </object_component>
      <object_component id="oc-1ef">
         <name>.debug_line</name>
         <load_address>0x5e3</load_address>
         <run_address>0x5e3</run_address>
         <size>0x37</size>
         <input_file_ref idref="fl-5"/>
      </object_component>
      <object_component id="oc-df">
         <name>.debug_line</name>
         <load_address>0x61a</load_address>
         <run_address>0x61a</run_address>
         <size>0x15a</size>
         <input_file_ref idref="fl-5"/>
      </object_component>
      <object_component id="oc-1e6">
         <name>.debug_line</name>
         <load_address>0x774</load_address>
         <run_address>0x774</run_address>
         <size>0xff</size>
         <input_file_ref idref="fl-6"/>
      </object_component>
      <object_component id="oc-1dc">
         <name>.debug_line</name>
         <load_address>0x873</load_address>
         <run_address>0x873</run_address>
         <size>0x37</size>
         <input_file_ref idref="fl-6"/>
      </object_component>
      <object_component id="oc-1e2">
         <name>.debug_line</name>
         <load_address>0x8aa</load_address>
         <run_address>0x8aa</run_address>
         <size>0x37</size>
         <input_file_ref idref="fl-6"/>
      </object_component>
      <object_component id="oc-13b">
         <name>.debug_line</name>
         <load_address>0x8e1</load_address>
         <run_address>0x8e1</run_address>
         <size>0x4f</size>
         <input_file_ref idref="fl-6"/>
      </object_component>
      <object_component id="oc-d8">
         <name>.debug_line</name>
         <load_address>0x930</load_address>
         <run_address>0x930</run_address>
         <size>0x440</size>
         <input_file_ref idref="fl-6"/>
      </object_component>
      <object_component id="oc-17a">
         <name>.debug_line</name>
         <load_address>0xd70</load_address>
         <run_address>0xd70</run_address>
         <size>0x20</size>
         <input_file_ref idref="fl-6"/>
      </object_component>
      <object_component id="oc-76">
         <name>.debug_line</name>
         <load_address>0xd90</load_address>
         <run_address>0xd90</run_address>
         <size>0x41</size>
         <input_file_ref idref="fl-8"/>
      </object_component>
      <object_component id="oc-31">
         <name>.debug_line</name>
         <load_address>0xdd1</load_address>
         <run_address>0xdd1</run_address>
         <size>0x41</size>
         <input_file_ref idref="fl-8"/>
      </object_component>
      <object_component id="oc-2e">
         <name>.debug_line</name>
         <load_address>0xe12</load_address>
         <run_address>0xe12</run_address>
         <size>0xa1</size>
         <input_file_ref idref="fl-8"/>
      </object_component>
      <object_component id="oc-163">
         <name>.debug_line</name>
         <load_address>0xeb3</load_address>
         <run_address>0xeb3</run_address>
         <size>0xd2</size>
         <input_file_ref idref="fl-c4"/>
      </object_component>
      <object_component id="oc-180">
         <name>.debug_line</name>
         <load_address>0xf85</load_address>
         <run_address>0xf85</run_address>
         <size>0x77</size>
         <input_file_ref idref="fl-c5"/>
      </object_component>
      <object_component id="oc-185">
         <name>.debug_line</name>
         <load_address>0xffc</load_address>
         <run_address>0xffc</run_address>
         <size>0x77</size>
         <input_file_ref idref="fl-c5"/>
      </object_component>
      <object_component id="oc-15c">
         <name>.debug_line</name>
         <load_address>0x1073</load_address>
         <run_address>0x1073</run_address>
         <size>0xa8</size>
         <input_file_ref idref="fl-c6"/>
      </object_component>
      <object_component id="oc-154">
         <name>.debug_line</name>
         <load_address>0x111b</load_address>
         <run_address>0x111b</run_address>
         <size>0x8e</size>
         <input_file_ref idref="fl-c7"/>
      </object_component>
      <object_component id="oc-16b">
         <name>.debug_line</name>
         <load_address>0x11a9</load_address>
         <run_address>0x11a9</run_address>
         <size>0x67</size>
         <input_file_ref idref="fl-c8"/>
      </object_component>
      <object_component id="oc-173">
         <name>.debug_line</name>
         <load_address>0x1210</load_address>
         <run_address>0x1210</run_address>
         <size>0x57</size>
         <input_file_ref idref="fl-c9"/>
      </object_component>
      <object_component id="oc-161">
         <name>.debug_line</name>
         <load_address>0x1267</load_address>
         <run_address>0x1267</run_address>
         <size>0x50</size>
         <input_file_ref idref="fl-ca"/>
      </object_component>
      <object_component id="oc-42">
         <name>.debug_line</name>
         <load_address>0x12b7</load_address>
         <run_address>0x12b7</run_address>
         <size>0x88</size>
         <input_file_ref idref="fl-cb"/>
      </object_component>
      <object_component id="oc-d4">
         <name>.debug_line</name>
         <load_address>0x133f</load_address>
         <run_address>0x133f</run_address>
         <size>0x92</size>
         <input_file_ref idref="fl-cc"/>
      </object_component>
      <object_component id="oc-4f">
         <name>.debug_line</name>
         <load_address>0x13d1</load_address>
         <run_address>0x13d1</run_address>
         <size>0x56</size>
         <input_file_ref idref="fl-cc"/>
      </object_component>
      <object_component id="oc-93">
         <name>.debug_line</name>
         <load_address>0x1427</load_address>
         <run_address>0x1427</run_address>
         <size>0x34</size>
         <input_file_ref idref="fl-cc"/>
      </object_component>
      <object_component id="oc-d1">
         <name>.debug_line</name>
         <load_address>0x145b</load_address>
         <run_address>0x145b</run_address>
         <size>0x92</size>
         <input_file_ref idref="fl-cc"/>
      </object_component>
      <object_component id="oc-8e">
         <name>.debug_line</name>
         <load_address>0x14ed</load_address>
         <run_address>0x14ed</run_address>
         <size>0x20</size>
         <input_file_ref idref="fl-cd"/>
      </object_component>
      <object_component id="oc-1f">
         <name>.debug_line</name>
         <load_address>0x150d</load_address>
         <run_address>0x150d</run_address>
         <size>0x55</size>
         <input_file_ref idref="fl-cd"/>
      </object_component>
      <object_component id="oc-47">
         <name>.debug_line</name>
         <load_address>0x1562</load_address>
         <run_address>0x1562</run_address>
         <size>0x3a</size>
         <input_file_ref idref="fl-cd"/>
      </object_component>
      <object_component id="oc-8b">
         <name>.debug_line</name>
         <load_address>0x159c</load_address>
         <run_address>0x159c</run_address>
         <size>0x92</size>
         <input_file_ref idref="fl-cd"/>
      </object_component>
      <object_component id="oc-cd">
         <name>.debug_line</name>
         <load_address>0x162e</load_address>
         <run_address>0x162e</run_address>
         <size>0x20</size>
         <input_file_ref idref="fl-ce"/>
      </object_component>
      <object_component id="oc-16">
         <name>.debug_line</name>
         <load_address>0x164e</load_address>
         <run_address>0x164e</run_address>
         <size>0xa9</size>
         <input_file_ref idref="fl-ce"/>
      </object_component>
      <object_component id="oc-37">
         <name>.debug_line</name>
         <load_address>0x16f7</load_address>
         <run_address>0x16f7</run_address>
         <size>0x3a</size>
         <input_file_ref idref="fl-ce"/>
      </object_component>
      <object_component id="oc-ca">
         <name>.debug_line</name>
         <load_address>0x1731</load_address>
         <run_address>0x1731</run_address>
         <size>0x9a</size>
         <input_file_ref idref="fl-ce"/>
      </object_component>
      <object_component id="oc-84">
         <name>.debug_line</name>
         <load_address>0x17cb</load_address>
         <run_address>0x17cb</run_address>
         <size>0x96</size>
         <input_file_ref idref="fl-ce"/>
      </object_component>
      <object_component id="oc-b5">
         <name>.debug_line</name>
         <load_address>0x1861</load_address>
         <run_address>0x1861</run_address>
         <size>0x10f</size>
         <input_file_ref idref="fl-cf"/>
      </object_component>
      <object_component id="oc-6f">
         <name>.debug_line</name>
         <load_address>0x1970</load_address>
         <run_address>0x1970</run_address>
         <size>0x2c</size>
         <input_file_ref idref="fl-cf"/>
      </object_component>
      <object_component id="oc-23e">
         <name>.debug_line</name>
         <load_address>0x199c</load_address>
         <run_address>0x199c</run_address>
         <size>0x2c</size>
         <input_file_ref idref="fl-cf"/>
      </object_component>
      <object_component id="oc-1b0">
         <name>.debug_line</name>
         <load_address>0x19c8</load_address>
         <run_address>0x19c8</run_address>
         <size>0x41</size>
         <input_file_ref idref="fl-cf"/>
      </object_component>
      <object_component id="oc-1b8">
         <name>.debug_line</name>
         <load_address>0x1a09</load_address>
         <run_address>0x1a09</run_address>
         <size>0x50</size>
         <input_file_ref idref="fl-cf"/>
      </object_component>
      <object_component id="oc-1be">
         <name>.debug_line</name>
         <load_address>0x1a59</load_address>
         <run_address>0x1a59</run_address>
         <size>0x55</size>
         <input_file_ref idref="fl-cf"/>
      </object_component>
      <object_component id="oc-12e">
         <name>.debug_line</name>
         <load_address>0x1aae</load_address>
         <run_address>0x1aae</run_address>
         <size>0xd0</size>
         <input_file_ref idref="fl-cf"/>
      </object_component>
      <object_component id="oc-238">
         <name>.debug_line</name>
         <load_address>0x1b7e</load_address>
         <run_address>0x1b7e</run_address>
         <size>0x98</size>
         <input_file_ref idref="fl-cf"/>
      </object_component>
      <object_component id="oc-127">
         <name>.debug_line</name>
         <load_address>0x1c16</load_address>
         <run_address>0x1c16</run_address>
         <size>0x54</size>
         <input_file_ref idref="fl-cf"/>
      </object_component>
      <object_component id="oc-212">
         <name>.debug_line</name>
         <load_address>0x1c6a</load_address>
         <run_address>0x1c6a</run_address>
         <size>0x112</size>
         <input_file_ref idref="fl-cf"/>
      </object_component>
      <object_component id="oc-be">
         <name>.debug_line</name>
         <load_address>0x1d7c</load_address>
         <run_address>0x1d7c</run_address>
         <size>0x2c</size>
         <input_file_ref idref="fl-cf"/>
      </object_component>
      <object_component id="oc-b9">
         <name>.debug_line</name>
         <load_address>0x1da8</load_address>
         <run_address>0x1da8</run_address>
         <size>0x92</size>
         <input_file_ref idref="fl-cf"/>
      </object_component>
      <object_component id="oc-220">
         <name>.debug_line</name>
         <load_address>0x1e3a</load_address>
         <run_address>0x1e3a</run_address>
         <size>0x20</size>
         <input_file_ref idref="fl-d0"/>
      </object_component>
      <object_component id="oc-142">
         <name>.debug_line</name>
         <load_address>0x1e5a</load_address>
         <run_address>0x1e5a</run_address>
         <size>0xad</size>
         <input_file_ref idref="fl-d0"/>
      </object_component>
      <object_component id="oc-73">
         <name>.debug_line</name>
         <load_address>0x1f07</load_address>
         <run_address>0x1f07</run_address>
         <size>0x33</size>
         <input_file_ref idref="fl-d2"/>
      </object_component>
      <object_component id="oc-5d">
         <name>.debug_line</name>
         <load_address>0x1f3a</load_address>
         <run_address>0x1f3a</run_address>
         <size>0x45</size>
         <input_file_ref idref="fl-d2"/>
      </object_component>
      <object_component id="oc-97">
         <name>.debug_line</name>
         <load_address>0x1f7f</load_address>
         <run_address>0x1f7f</run_address>
         <size>0x79</size>
         <input_file_ref idref="fl-d8"/>
      </object_component>
      <object_component id="oc-1ff">
         <name>.debug_line</name>
         <load_address>0x1ff8</load_address>
         <run_address>0x1ff8</run_address>
         <size>0xbf</size>
         <input_file_ref idref="fl-da"/>
      </object_component>
      <object_component id="oc-f2">
         <name>.debug_line</name>
         <load_address>0x20b7</load_address>
         <run_address>0x20b7</run_address>
         <size>0x6f</size>
         <input_file_ref idref="fl-da"/>
      </object_component>
      <object_component id="oc-203">
         <name>.debug_line</name>
         <load_address>0x2126</load_address>
         <run_address>0x2126</run_address>
         <size>0x2e</size>
         <input_file_ref idref="fl-da"/>
      </object_component>
      <object_component id="oc-22d">
         <name>.debug_line</name>
         <load_address>0x2154</load_address>
         <run_address>0x2154</run_address>
         <size>0x9a</size>
         <input_file_ref idref="fl-da"/>
      </object_component>
      <object_component id="oc-208">
         <name>.debug_line</name>
         <load_address>0x21ee</load_address>
         <run_address>0x21ee</run_address>
         <size>0x97</size>
         <input_file_ref idref="fl-da"/>
      </object_component>
      <object_component id="oc-20d">
         <name>.debug_line</name>
         <load_address>0x2285</load_address>
         <run_address>0x2285</run_address>
         <size>0x93</size>
         <input_file_ref idref="fl-da"/>
      </object_component>
      <object_component id="oc-a1">
         <name>.debug_line</name>
         <load_address>0x2318</load_address>
         <run_address>0x2318</run_address>
         <size>0x40</size>
         <input_file_ref idref="fl-db"/>
      </object_component>
      <object_component id="oc-e6">
         <name>.debug_line</name>
         <load_address>0x2358</load_address>
         <run_address>0x2358</run_address>
         <size>0x3c</size>
         <input_file_ref idref="fl-dd"/>
      </object_component>
      <object_component id="oc-229">
         <name>.debug_line</name>
         <load_address>0x2394</load_address>
         <run_address>0x2394</run_address>
         <size>0x20</size>
         <input_file_ref idref="fl-de"/>
      </object_component>
      <object_component id="oc-1f9">
         <name>.debug_line</name>
         <load_address>0x23b4</load_address>
         <run_address>0x23b4</run_address>
         <size>0x2b</size>
         <input_file_ref idref="fl-de"/>
      </object_component>
      <object_component id="oc-1f6">
         <name>.debug_line</name>
         <load_address>0x23df</load_address>
         <run_address>0x23df</run_address>
         <size>0x3a</size>
         <input_file_ref idref="fl-de"/>
      </object_component>
      <object_component id="oc-224">
         <name>.debug_line</name>
         <load_address>0x2419</load_address>
         <run_address>0x2419</run_address>
         <size>0x7c</size>
         <input_file_ref idref="fl-e9"/>
      </object_component>
      <object_component id="oc-222">
         <name>.debug_line</name>
         <load_address>0x2495</load_address>
         <run_address>0x2495</run_address>
         <size>0x82</size>
         <input_file_ref idref="fl-e9"/>
      </object_component>
      <object_component id="oc-149">
         <name>.debug_line</name>
         <load_address>0x2517</load_address>
         <run_address>0x2517</run_address>
         <size>0xaf</size>
         <input_file_ref idref="fl-e9"/>
      </object_component>
      <object_component id="oc-14b">
         <name>.debug_line</name>
         <load_address>0x25c6</load_address>
         <run_address>0x25c6</run_address>
         <size>0x97</size>
         <input_file_ref idref="fl-e9"/>
      </object_component>
      <object_component id="oc-1d1">
         <name>.debug_line</name>
         <load_address>0x265d</load_address>
         <run_address>0x265d</run_address>
         <size>0x69</size>
         <input_file_ref idref="fl-e9"/>
      </object_component>
      <object_component id="oc-1d8">
         <name>.debug_line</name>
         <load_address>0x26c6</load_address>
         <run_address>0x26c6</run_address>
         <size>0x91</size>
         <input_file_ref idref="fl-ea"/>
      </object_component>
      <object_component id="oc-132">
         <name>.debug_frame</name>
         <load_address>0x0</load_address>
         <run_address>0x0</run_address>
         <size>0x110</size>
         <input_file_ref idref="fl-2"/>
      </object_component>
      <object_component id="oc-a7">
         <name>.debug_frame</name>
         <load_address>0x110</load_address>
         <run_address>0x110</run_address>
         <size>0x58</size>
         <input_file_ref idref="fl-4"/>
      </object_component>
      <object_component id="oc-de">
         <name>.debug_frame</name>
         <load_address>0x168</load_address>
         <run_address>0x168</run_address>
         <size>0x100</size>
         <input_file_ref idref="fl-5"/>
      </object_component>
      <object_component id="oc-13c">
         <name>.debug_frame</name>
         <load_address>0x268</load_address>
         <run_address>0x268</run_address>
         <size>0x58</size>
         <input_file_ref idref="fl-6"/>
      </object_component>
      <object_component id="oc-dc">
         <name>.debug_frame</name>
         <load_address>0x2c0</load_address>
         <run_address>0x2c0</run_address>
         <size>0x2f0</size>
         <input_file_ref idref="fl-6"/>
      </object_component>
      <object_component id="oc-2f">
         <name>.debug_frame</name>
         <load_address>0x5b0</load_address>
         <run_address>0x5b0</run_address>
         <size>0x90</size>
         <input_file_ref idref="fl-8"/>
      </object_component>
      <object_component id="oc-4b">
         <name>.debug_frame</name>
         <load_address>0x640</load_address>
         <run_address>0x640</run_address>
         <size>0x54</size>
         <input_file_ref idref="fl-cc"/>
      </object_component>
      <object_component id="oc-20">
         <name>.debug_frame</name>
         <load_address>0x694</load_address>
         <run_address>0x694</run_address>
         <size>0x54</size>
         <input_file_ref idref="fl-cd"/>
      </object_component>
      <object_component id="oc-1a">
         <name>.debug_frame</name>
         <load_address>0x6e8</load_address>
         <run_address>0x6e8</run_address>
         <size>0x60</size>
         <input_file_ref idref="fl-ce"/>
      </object_component>
      <object_component id="oc-1b1">
         <name>.debug_frame</name>
         <load_address>0x748</load_address>
         <run_address>0x748</run_address>
         <size>0x54</size>
         <input_file_ref idref="fl-cf"/>
      </object_component>
      <object_component id="oc-1b7">
         <name>.debug_frame</name>
         <load_address>0x79c</load_address>
         <run_address>0x79c</run_address>
         <size>0x54</size>
         <input_file_ref idref="fl-cf"/>
      </object_component>
      <object_component id="oc-1bd">
         <name>.debug_frame</name>
         <load_address>0x7f0</load_address>
         <run_address>0x7f0</run_address>
         <size>0x58</size>
         <input_file_ref idref="fl-cf"/>
      </object_component>
      <object_component id="oc-12d">
         <name>.debug_frame</name>
         <load_address>0x848</load_address>
         <run_address>0x848</run_address>
         <size>0x64</size>
         <input_file_ref idref="fl-cf"/>
      </object_component>
      <object_component id="oc-239">
         <name>.debug_frame</name>
         <load_address>0x8ac</load_address>
         <run_address>0x8ac</run_address>
         <size>0x5c</size>
         <input_file_ref idref="fl-cf"/>
      </object_component>
      <object_component id="oc-126">
         <name>.debug_frame</name>
         <load_address>0x908</load_address>
         <run_address>0x908</run_address>
         <size>0x5c</size>
         <input_file_ref idref="fl-cf"/>
      </object_component>
      <object_component id="oc-213">
         <name>.debug_frame</name>
         <load_address>0x964</load_address>
         <run_address>0x964</run_address>
         <size>0x68</size>
         <input_file_ref idref="fl-cf"/>
      </object_component>
      <object_component id="oc-143">
         <name>.debug_frame</name>
         <load_address>0x9cc</load_address>
         <run_address>0x9cc</run_address>
         <size>0x54</size>
         <input_file_ref idref="fl-d0"/>
      </object_component>
      <object_component id="oc-5e">
         <name>.debug_frame</name>
         <load_address>0xa20</load_address>
         <run_address>0xa20</run_address>
         <size>0x50</size>
         <input_file_ref idref="fl-d2"/>
      </object_component>
      <object_component id="oc-f6">
         <name>.debug_frame</name>
         <load_address>0xa70</load_address>
         <run_address>0xa70</run_address>
         <size>0x5c</size>
         <input_file_ref idref="fl-da"/>
      </object_component>
      <object_component id="oc-a0">
         <name>.debug_frame</name>
         <load_address>0xacc</load_address>
         <run_address>0xacc</run_address>
         <size>0x54</size>
         <input_file_ref idref="fl-db"/>
      </object_component>
      <object_component id="oc-e7">
         <name>.debug_frame</name>
         <load_address>0xb20</load_address>
         <run_address>0xb20</run_address>
         <size>0x54</size>
         <input_file_ref idref="fl-dd"/>
      </object_component>
      <object_component id="oc-1f7">
         <name>.debug_frame</name>
         <load_address>0xb74</load_address>
         <run_address>0xb74</run_address>
         <size>0x54</size>
         <input_file_ref idref="fl-de"/>
      </object_component>
      <object_component id="oc-148">
         <name>.debug_frame</name>
         <load_address>0xbc8</load_address>
         <run_address>0xbc8</run_address>
         <size>0x8e</size>
         <input_file_ref idref="fl-e9"/>
      </object_component>
      <object_component id="oc-14c">
         <name>.debug_frame</name>
         <load_address>0xc56</load_address>
         <run_address>0xc56</run_address>
         <size>0x86</size>
         <input_file_ref idref="fl-e9"/>
      </object_component>
      <object_component id="oc-1d9">
         <name>.debug_frame</name>
         <load_address>0xcdc</load_address>
         <run_address>0xcdc</run_address>
         <size>0x7f</size>
         <input_file_ref idref="fl-ea"/>
      </object_component>
      <object_component id="oc-123">
         <name>.debug_abbrev</name>
         <load_address>0x0</load_address>
         <run_address>0x0</run_address>
         <size>0x78</size>
         <input_file_ref idref="fl-2"/>
      </object_component>
      <object_component id="oc-21d">
         <name>.debug_abbrev</name>
         <load_address>0x78</load_address>
         <run_address>0x78</run_address>
         <size>0x29</size>
         <input_file_ref idref="fl-2"/>
      </object_component>
      <object_component id="oc-1c7">
         <name>.debug_abbrev</name>
         <load_address>0xa1</load_address>
         <run_address>0xa1</run_address>
         <size>0xd4</size>
         <input_file_ref idref="fl-2"/>
      </object_component>
      <object_component id="oc-79">
         <name>.debug_abbrev</name>
         <load_address>0x175</load_address>
         <run_address>0x175</run_address>
         <size>0x69</size>
         <input_file_ref idref="fl-2"/>
      </object_component>
      <object_component id="oc-3b">
         <name>.debug_abbrev</name>
         <load_address>0x1de</load_address>
         <run_address>0x1de</run_address>
         <size>0x1f</size>
         <input_file_ref idref="fl-2"/>
      </object_component>
      <object_component id="oc-c2">
         <name>.debug_abbrev</name>
         <load_address>0x1fd</load_address>
         <run_address>0x1fd</run_address>
         <size>0x5c</size>
         <input_file_ref idref="fl-2"/>
      </object_component>
      <object_component id="oc-7e">
         <name>.debug_abbrev</name>
         <load_address>0x259</load_address>
         <run_address>0x259</run_address>
         <size>0x24</size>
         <input_file_ref idref="fl-2"/>
      </object_component>
      <object_component id="oc-23f">
         <name>.debug_abbrev</name>
         <load_address>0x27d</load_address>
         <run_address>0x27d</run_address>
         <size>0xd2</size>
         <input_file_ref idref="fl-3"/>
      </object_component>
      <object_component id="oc-1e9">
         <name>.debug_abbrev</name>
         <load_address>0x34f</load_address>
         <run_address>0x34f</run_address>
         <size>0x5c</size>
         <input_file_ref idref="fl-3"/>
      </object_component>
      <object_component id="oc-243">
         <name>.debug_abbrev</name>
         <load_address>0x3ab</load_address>
         <run_address>0x3ab</run_address>
         <size>0x24</size>
         <input_file_ref idref="fl-3"/>
      </object_component>
      <object_component id="oc-188">
         <name>.debug_abbrev</name>
         <load_address>0x3cf</load_address>
         <run_address>0x3cf</run_address>
         <size>0x83</size>
         <input_file_ref idref="fl-4"/>
      </object_component>
      <object_component id="oc-e3">
         <name>.debug_abbrev</name>
         <load_address>0x452</load_address>
         <run_address>0x452</run_address>
         <size>0x6e</size>
         <input_file_ref idref="fl-4"/>
      </object_component>
      <object_component id="oc-18c">
         <name>.debug_abbrev</name>
         <load_address>0x4c0</load_address>
         <run_address>0x4c0</run_address>
         <size>0x63</size>
         <input_file_ref idref="fl-4"/>
      </object_component>
      <object_component id="oc-1ee">
         <name>.debug_abbrev</name>
         <load_address>0x523</load_address>
         <run_address>0x523</run_address>
         <size>0x6d</size>
         <input_file_ref idref="fl-5"/>
      </object_component>
      <object_component id="oc-186">
         <name>.debug_abbrev</name>
         <load_address>0x590</load_address>
         <run_address>0x590</run_address>
         <size>0x7a</size>
         <input_file_ref idref="fl-5"/>
      </object_component>
      <object_component id="oc-1e5">
         <name>.debug_abbrev</name>
         <load_address>0x60a</load_address>
         <run_address>0x60a</run_address>
         <size>0xfc</size>
         <input_file_ref idref="fl-6"/>
      </object_component>
      <object_component id="oc-1db">
         <name>.debug_abbrev</name>
         <load_address>0x706</load_address>
         <run_address>0x706</run_address>
         <size>0x29</size>
         <input_file_ref idref="fl-6"/>
      </object_component>
      <object_component id="oc-1e1">
         <name>.debug_abbrev</name>
         <load_address>0x72f</load_address>
         <run_address>0x72f</run_address>
         <size>0x27</size>
         <input_file_ref idref="fl-6"/>
      </object_component>
      <object_component id="oc-13a">
         <name>.debug_abbrev</name>
         <load_address>0x756</load_address>
         <run_address>0x756</run_address>
         <size>0x6e</size>
         <input_file_ref idref="fl-6"/>
      </object_component>
      <object_component id="oc-175">
         <name>.debug_abbrev</name>
         <load_address>0x7c4</load_address>
         <run_address>0x7c4</run_address>
         <size>0x18e</size>
         <input_file_ref idref="fl-6"/>
      </object_component>
      <object_component id="oc-179">
         <name>.debug_abbrev</name>
         <load_address>0x952</load_address>
         <run_address>0x952</run_address>
         <size>0x1f</size>
         <input_file_ref idref="fl-6"/>
      </object_component>
      <object_component id="oc-75">
         <name>.debug_abbrev</name>
         <load_address>0x971</load_address>
         <run_address>0x971</run_address>
         <size>0x68</size>
         <input_file_ref idref="fl-8"/>
      </object_component>
      <object_component id="oc-30">
         <name>.debug_abbrev</name>
         <load_address>0x9d9</load_address>
         <run_address>0x9d9</run_address>
         <size>0x29</size>
         <input_file_ref idref="fl-8"/>
      </object_component>
      <object_component id="oc-74">
         <name>.debug_abbrev</name>
         <load_address>0xa02</load_address>
         <run_address>0xa02</run_address>
         <size>0x79</size>
         <input_file_ref idref="fl-8"/>
      </object_component>
      <object_component id="oc-1e0">
         <name>.debug_abbrev</name>
         <load_address>0xa7b</load_address>
         <run_address>0xa7b</run_address>
         <size>0x3c</size>
         <input_file_ref idref="fl-c4"/>
      </object_component>
      <object_component id="oc-1ec">
         <name>.debug_abbrev</name>
         <load_address>0xab7</load_address>
         <run_address>0xab7</run_address>
         <size>0x3c</size>
         <input_file_ref idref="fl-c5"/>
      </object_component>
      <object_component id="oc-1ed">
         <name>.debug_abbrev</name>
         <load_address>0xaf3</load_address>
         <run_address>0xaf3</run_address>
         <size>0x3c</size>
         <input_file_ref idref="fl-c5"/>
      </object_component>
      <object_component id="oc-1de">
         <name>.debug_abbrev</name>
         <load_address>0xb2f</load_address>
         <run_address>0xb2f</run_address>
         <size>0x3c</size>
         <input_file_ref idref="fl-c6"/>
      </object_component>
      <object_component id="oc-1dd">
         <name>.debug_abbrev</name>
         <load_address>0xb6b</load_address>
         <run_address>0xb6b</run_address>
         <size>0x3c</size>
         <input_file_ref idref="fl-c7"/>
      </object_component>
      <object_component id="oc-1e3">
         <name>.debug_abbrev</name>
         <load_address>0xba7</load_address>
         <run_address>0xba7</run_address>
         <size>0x3e</size>
         <input_file_ref idref="fl-c8"/>
      </object_component>
      <object_component id="oc-1e4">
         <name>.debug_abbrev</name>
         <load_address>0xbe5</load_address>
         <run_address>0xbe5</run_address>
         <size>0x3c</size>
         <input_file_ref idref="fl-c9"/>
      </object_component>
      <object_component id="oc-1df">
         <name>.debug_abbrev</name>
         <load_address>0xc21</load_address>
[...]
               <logical_group_ref idref="lg-6"/>
            </allocated_space>
            <available_space>
               <start_address>0x1fe0</start_address>
               <size>0x3e020</size>
            </available_space>
         </usage_details>
      </memory_area>
      <memory_area display="yes" color="green">
         <name>SRAM</name>
         <page_id>0x0</page_id>
         <origin>0x20000000</origin>
         <length>0x8000</length>
         <used_space>0xeb9</used_space>
         <unused_space>0x7147</unused_space>
         <attributes>RWX</attributes>
         <usage_details>
            <allocated_space>
               <start_address>0x20000000</start_address>
               <size>0x0</size>
               <logical_group_ref idref="lg-249"/>
            </allocated_space>
            <allocated_space>
               <start_address>0x20000000</start_address>
               <size>0x26c</size>
               <logical_group_ref idref="lg-9"/>
            </allocated_space>
            <available_space>
               <start_address>0x2000026c</start_address>
               <size>0x4</size>
            </available_space>
            <allocated_space>
               <start_address>0x20000270</start_address>
               <size>0x800</size>
               <logical_group_ref idref="lg-d"/>
            </allocated_space>
            <allocated_space>
               <start_address>0x20000a70</start_address>
               <size>0x400</size>
               <logical_group_ref idref="lg-c"/>
            </allocated_space>
            <allocated_space>
               <start_address>0x20000e70</start_address>
               <size>0x31</size>
               <logical_group_ref idref="lg-a"/>
            </allocated_space>
            <available_space>
               <start_address>0x20000ea1</start_address>
               <size>0x3</size>
            </available_space>
            <allocated_space>
               <start_address>0x20000ea4</start_address>
               <size>0x1c</size>
               <logical_group_ref idref="lg-b"/>
            </allocated_space>
            <available_space>
               <start_address>0x20000ec0</start_address>
               <size>0x7140</size>
            </available_space>
         </usage_details>
      </memory_area>
   </placement_map>
   <cptbl_list>
      <cptbl>
         <name>__TI_cinit_table</name>
         <cprec>
            <name>.data</name>
            <load_address>0x1f90</load_address>
            <load_size>0x18</load_size>
            <run_address>0x20000e70</run_address>
            <run_size>0x31</run_size>
            <compression>lzss</compression>
         </cprec>
         <cprec>
            <name>.bss</name>
            <load_address>0x1fb8</load_address>
            <load_size>0x8</load_size>
            <run_address>0x20000ea4</run_address>
            <run_size>0x1c</run_size>
            <compression>zero_init</compression>
         </cprec>
         <cprec>
            <name>.vtable</name>
            <load_address>0x1fc0</load_address>
            <load_size>0x8</load_size>
            <run_address>0x20000000</run_address>
            <run_size>0x26c</run_size>
            <compression>zero_init</compression>
         </cprec>
      </cptbl>
   </cptbl_list>
   <handler_table>
      <handler_table_name>__TI_handler_table</handler_table_name>
      <handler>
         <index>0x0</index>
         <name>__TI_zero_init</name>
      </handler>
      <handler>
         <index>0x1</index>
         <name>__TI_decompress_lzss</name>
      </handler>
      <handler>
         <index>0x2</index>
         <name>__TI_decompress_none</name>
      </handler>
   </handler_table>
   <symbol_table>
      <symbol id="sm-1">
         <name>__STACK_TOP</name>
         <value>0x20000470</value>
      </symbol>
      <symbol id="sm-2">
         <name>__start___llvm_prf_cnts</name>
         <value>0x20000000</value>
      </symbol>
      <symbol id="sm-3">
         <name>__stop___llvm_prf_cnts</name>
         <value>0x20000000</value>
      </symbol>
      <symbol id="sm-4">
         <name>__TI_CINIT_Base</name>
         <value>0x1fc8</value>
      </symbol>
      <symbol id="sm-5">
         <name>__TI_CINIT_Limit</name>
         <value>0x1fe0</value>
      </symbol>
      <symbol id="sm-6">
         <name>__TI_Handler_Table_Base</name>
         <value>0x1fa8</value>
      </symbol>
      <symbol id="sm-7">
         <name>__TI_Handler_Table_Limit</name>
         <value>0x1fb4</value>
      </symbol>
      <symbol id="sm-8">
         <name>binit</name>
         <value>0xffffffff</value>
      </symbol>
      <symbol id="sm-9">
         <name>__binit__</name>
         <value>0xffffffff</value>
      </symbol>
      <symbol id="sm-a">
         <name>__STACK_SIZE</name>
         <value>0x800</value>
      </symbol>
      <symbol id="sm-b">
         <name>__STACK_END</name>
         <value>0x20000a70</value>
      </symbol>
      <symbol id="sm-c">
         <name>__SYSMEM_SIZE</name>
         <value>0x400</value>
      </symbol>
      <symbol id="sm-d">
         <name>__c_args__</name>
         <value>0xffffffff</value>
      </symbol>
      <symbol id="sm-e">
         <name>__TI_pprof_out_hndl</name>
         <value>0xffffffff</value>
      </symbol>
      <symbol id="sm-f">
         <name>__TI_prof_data_start</name>
         <value>0xffffffff</value>
      </symbol>
      <symbol id="sm-10">
         <name>__TI_prof_data_size</name>
         <value>0xffffffff</value>
      </symbol>
      <symbol id="sm-76">
         <name>_timeout_ticks</name>
         <value>0x20000ebc</value>
      </symbol>
      <symbol id="sm-77">
         <name>timer_pause</name>
         <value>0x124b</value>
         <object_component_ref idref="oc-131"/>
      </symbol>
      <symbol id="sm-78">
         <name>timer_resume</name>
         <value>0x125d</value>
         <object_component_ref idref="oc-131"/>
      </symbol>
      <symbol id="sm-79">
         <name>timer_getMillis</name>
         <value>0x126f</value>
         <object_component_ref idref="oc-131"/>
      </symbol>
      <symbol id="sm-7a">
         <name>_running</name>
         <value>0x20000ea0</value>
         <object_component_ref idref="oc-1c3"/>
      </symbol>
      <symbol id="sm-7b">
         <name>timer_init</name>
         <value>0x11a9</value>
         <object_component_ref idref="oc-131"/>
      </symbol>
      <symbol id="sm-7c">
         <name>timer_stop</name>
         <value>0x1221</value>
         <object_component_ref idref="oc-131"/>
      </symbol>
      <symbol id="sm-7d">
         <name>timer_getMicros</name>
         <value>0x12c7</value>
         <object_component_ref idref="oc-131"/>
      </symbol>
      <symbol id="sm-7e">
         <name>timer_waitMillis</name>
         <value>0x1353</value>
         <object_component_ref idref="oc-131"/>
      </symbol>
      <symbol id="sm-7f">
         <name>timer_waitMicros</name>
         <value>0x1321</value>
         <object_component_ref idref="oc-131"/>
      </symbol>
      <symbol id="sm-a1">
         <name>main</name>
         <value>0x1e45</value>
         <object_component_ref idref="oc-a2"/>
      </symbol>
      <symbol id="sm-c9">
         <name>move_left_bump</name>
         <value>0x1015</value>
         <object_component_ref idref="oc-dd"/>
      </symbol>
      <symbol id="sm-ca">
         <name>move_forward</name>
         <value>0xe8d</value>
         <object_component_ref idref="oc-dd"/>
      </symbol>
      <symbol id="sm-cb">
         <name>move_right_bump</name>
         <value>0xfd1</value>
         <object_component_ref idref="oc-dd"/>
      </symbol>
      <symbol id="sm-cc">
         <name>left_turn</name>
         <value>0xf65</value>
         <object_component_ref idref="oc-dd"/>
      </symbol>
      <symbol id="sm-cd">
         <name>move_with_bumps</name>
         <value>0x10c3</value>
         <object_component_ref idref="oc-dd"/>
      </symbol>
      <symbol id="sm-ce">
         <name>move_backward</name>
         <value>0x1059</value>
         <object_component_ref idref="oc-dd"/>
      </symbol>
      <symbol id="sm-cf">
         <name>right_turn</name>
         <value>0xef9</value>
         <object_component_ref idref="oc-dd"/>
      </symbol>
      <symbol id="sm-19d">
         <name>go_charge</name>
         <value>0x97f</value>
         <object_component_ref idref="oc-d7"/>
      </symbol>
      <symbol id="sm-19e">
         <name>GPIOF_Handler</name>
         <value>0xbc3</value>
         <object_component_ref idref="oc-d7"/>
      </symbol>
      <symbol id="sm-19f">
         <name>oi_free</name>
         <value>0x279</value>
         <object_component_ref idref="oc-d7"/>
      </symbol>
      <symbol id="sm-1a0">
         <name>oi_getMotorCalibrationRight</name>
         <value>0xe01</value>
         <object_component_ref idref="oc-d7"/>
      </symbol>
      <symbol id="sm-1a1">
         <name>oi_uartReceive</name>
         <value>0xa31</value>
         <object_component_ref idref="oc-d7"/>
      </symbol>
      <symbol id="sm-1a2">
         <name>oi_setWheels</name>
         <value>0x88f</value>
         <object_component_ref idref="oc-d7"/>
      </symbol>
      <symbol id="sm-1a3">
         <name>oi_shutoff_init</name>
         <value>0xb51</value>
         <object_component_ref idref="oc-d7"/>
      </symbol>
      <symbol id="sm-1a4">
         <name>motor_cal_factor_L</name>
         <value>0x20000e70</value>
         <object_component_ref idref="oc-150"/>
      </symbol>
      <symbol id="sm-1a5">
         <name>motor_cal_factor_R</name>
         <value>0x20000e74</value>
         <object_component_ref idref="oc-150"/>
      </symbol>
      <symbol id="sm-1a6">
         <name>oi_parseInt</name>
         <value>0x1f09</value>
         <object_component_ref idref="oc-137"/>
      </symbol>
      <symbol id="sm-1a7">
         <name>oi_setMotorCalibration</name>
         <value>0xdb1</value>
         <object_component_ref idref="oc-d7"/>
      </symbol>
      <symbol id="sm-1a8">
         <name>oi_uartSendStr</name>
         <value>0xa59</value>
         <object_component_ref idref="oc-d7"/>
      </symbol>
      <symbol id="sm-1a9">
         <name>oi_close</name>
         <value>0x2c7</value>
         <object_component_ref idref="oc-d7"/>
      </symbol>
      <symbol id="sm-1aa">
         <name>oi_uartSendBuff</name>
         <value>0xa77</value>
         <object_component_ref idref="oc-d7"/>
      </symbol>
      <symbol id="sm-1ab">
         <name>oi_checkFirmware</name>
         <value>0xaa9</value>
         <object_component_ref idref="oc-d7"/>
      </symbol>
      <symbol id="sm-1ac">
         <name>oi_init_noupdate</name>
         <value>0x289</value>
         <object_component_ref idref="oc-d7"/>
      </symbol>
      <symbol id="sm-1ad">
         <name>oi_uartSendChar</name>
         <value>0xa15</value>
         <object_component_ref idref="oc-d7"/>
      </symbol>
      <symbol id="sm-1ae">
         <name>oi_alloc</name>
         <value>0x26d</value>
         <object_component_ref idref="oc-d7"/>
      </symbol>
      <symbol id="sm-1af">
         <name>oi_getMotorCalibrationLeft</name>
         <value>0xded</value>
         <object_component_ref idref="oc-d7"/>
      </symbol>
      <symbol id="sm-1b0">
         <name>oi_loadSong</name>
         <value>0x915</value>
         <object_component_ref idref="oc-d7"/>
      </symbol>
      <symbol id="sm-1b1">
         <name>oi_play_song</name>
         <value>0x96b</value>
         <object_component_ref idref="oc-d7"/>
      </symbol>
      <symbol id="sm-1b2">
         <name>oi_parsePacket</name>
         <value>0x32b</value>
         <object_component_ref idref="oc-d7"/>
      </symbol>
      <symbol id="sm-1b3">
         <name>oi_setLeds</name>
         <value>0x84b</value>
         <object_component_ref idref="oc-d7"/>
      </symbol>
      <symbol id="sm-1b4">
         <name>oi_init</name>
         <value>0x2b1</value>
         <object_component_ref idref="oc-d7"/>
      </symbol>
      <symbol id="sm-1b5">
         <name>oi_update</name>
         <value>0x2d9</value>
         <object_component_ref idref="oc-d7"/>
      </symbol>
      <symbol id="sm-1b6">
         <name>oi_uartInit</name>
         <value>0x98d</value>
         <object_component_ref idref="oc-d7"/>
      </symbol>
      <symbol id="sm-1d3">
         <name>ResetISR</name>
         <value>0x1f63</value>
         <object_component_ref idref="oc-2a"/>
      </symbol>
      <symbol id="sm-1d4">
         <name>g_pfnVectors</name>
         <value>0x0</value>
         <object_component_ref idref="oc-12"/>
      </symbol>
      <symbol id="sm-1ec">
         <name>__aeabi_dsub</name>
         <value>0x13f1</value>
         <object_component_ref idref="oc-162"/>
      </symbol>
      <symbol id="sm-1ed">
         <name>__aeabi_dadd</name>
         <value>0x13fb</value>
         <object_component_ref idref="oc-162"/>
      </symbol>
      <symbol id="sm-20f">
         <name>__aeabi_cdcmpeq</name>
         <value>0x1a59</value>
         <object_component_ref idref="oc-17c"/>
      </symbol>
      <symbol id="sm-210">
         <name>__aeabi_cdcmple</name>
         <value>0x1a59</value>
         <object_component_ref idref="oc-17c"/>
      </symbol>
      <symbol id="sm-211">
         <name>__aeabi_cdrcmple</name>
         <value>0x1adf</value>
         <object_component_ref idref="oc-181"/>
      </symbol>
      <symbol id="sm-225">
         <name>__aeabi_ddiv</name>
         <value>0x15a7</value>
         <object_component_ref idref="oc-158"/>
      </symbol>
      <symbol id="sm-230">
         <name>__aeabi_dmul</name>
         <value>0x17dd</value>
         <object_component_ref idref="oc-153"/>
      </symbol>
      <symbol id="sm-23c">
         <name>__aeabi_d2f</name>
         <value>0x1c51</value>
         <object_component_ref idref="oc-16a"/>
      </symbol>
      <symbol id="sm-247">
         <name>__aeabi_f2d</name>
         <value>0x1da5</value>
         <object_component_ref idref="oc-16f"/>
      </symbol>
      <symbol id="sm-251">
         <name>__aeabi_i2d</name>
         <value>0x1e79</value>
         <object_component_ref idref="oc-15d"/>
      </symbol>
      <symbol id="sm-26c">
         <name>memcpy</name>
         <value>0x19bd</value>
         <object_component_ref idref="oc-3e"/>
      </symbol>
      <symbol id="sm-26d">
         <name>__aeabi_memcpy</name>
         <value>0x19bd</value>
         <object_component_ref idref="oc-3e"/>
      </symbol>
      <symbol id="sm-26e">
         <name>__aeabi_memcpy8</name>
         <value>0x19bd</value>
         <object_component_ref idref="oc-3e"/>
      </symbol>
      <symbol id="sm-26f">
         <name>__aeabi_memcpy4</name>
         <value>0x19bd</value>
         <object_component_ref idref="oc-3e"/>
      </symbol>
      <symbol id="sm-288">
         <name>__TI_zero_init_nomemset</name>
         <value>0x1ed1</value>
         <object_component_ref idref="oc-4a"/>
      </symbol>
      <symbol id="sm-29f">
         <name>__TI_decompress_none</name>
         <value>0x1f49</value>
         <object_component_ref idref="oc-1b"/>
      </symbol>
      <symbol id="sm-2c2">
         <name>__TI_decompress_lzss</name>
         <value>0x1cbf</value>
         <object_component_ref idref="oc-15"/>
      </symbol>
      <symbol id="sm-357">
         <name>_sys_memory</name>
         <value>0x20000a70</value>
         <object_component_ref idref="oc-24"/>
      </symbol>
      <symbol id="sm-358">
         <name>free</name>
         <value>0x18d9</value>
         <object_component_ref idref="oc-12b"/>
      </symbol>
      <symbol id="sm-359">
         <name>memalign</name>
         <value>0x16dd</value>
         <object_component_ref idref="oc-211"/>
      </symbol>
      <symbol id="sm-35a">
         <name>calloc</name>
         <value>0x1d6d</value>
         <object_component_ref idref="oc-125"/>
      </symbol>
      <symbol id="sm-35b">
         <name>malloc</name>
         <value>0x1f6f</value>
         <object_component_ref idref="oc-1af"/>
      </symbol>
      <symbol id="sm-35c">
         <name>aligned_alloc</name>
         <value>0x16dd</value>
         <object_component_ref idref="oc-211"/>
      </symbol>
      <symbol id="sm-36b">
         <name>strcmp</name>
         <value>0x1f21</value>
         <object_component_ref idref="oc-13e"/>
      </symbol>
      <symbol id="sm-37f">
         <name>__stack</name>
         <value>0x20000270</value>
         <object_component_ref idref="oc-27"/>
      </symbol>
      <symbol id="sm-380">
         <name>_c_int00_noargs</name>
         <value>0x1e11</value>
         <object_component_ref idref="oc-5c"/>
      </symbol>
      <symbol id="sm-394">
         <name>__aeabi_memset</name>
         <value>0x1b67</value>
         <object_component_ref idref="oc-96"/>
      </symbol>
      <symbol id="sm-395">
         <name>memset</name>
         <value>0x1b6d</value>
         <object_component_ref idref="oc-96"/>
      </symbol>
      <symbol id="sm-396">
         <name>__aeabi_memset8</name>
         <value>0x1b67</value>
         <object_component_ref idref="oc-96"/>
      </symbol>
      <symbol id="sm-397">
         <name>__aeabi_memset4</name>
         <value>0x1b67</value>
         <object_component_ref idref="oc-96"/>
      </symbol>
      <symbol id="sm-398">
         <name>__aeabi_memclr8</name>
         <value>0x1b65</value>
         <object_component_ref idref="oc-96"/>
      </symbol>
      <symbol id="sm-399">
         <name>__aeabi_memclr4</name>
         <value>0x1b65</value>
         <object_component_ref idref="oc-96"/>
      </symbol>
      <symbol id="sm-39a">
         <name>__aeabi_memclr</name>
         <value>0x1b65</value>
         <object_component_ref idref="oc-96"/>
      </symbol>
      <symbol id="sm-3c3">
         <name>__TI_auto_init_nobinit_nopinit</name>
         <value>0x1d29</value>
         <object_component_ref idref="oc-f1"/>
      </symbol>
      <symbol id="sm-3cd">
         <name>_system_pre_init</name>
         <value>0x1f77</value>
         <object_component_ref idref="oc-9c"/>
      </symbol>
      <symbol id="sm-3d9">
         <name>C$$EXIT</name>
         <value>0x1f7b</value>
         <object_component_ref idref="oc-e5"/>
      </symbol>
      <symbol id="sm-3da">
         <name>abort</name>
         <value>0x1f7b</value>
         <object_component_ref idref="oc-e5"/>
      </symbol>
      <symbol id="sm-3ef">
         <name>_nop</name>
         <value>0x1bdf</value>
         <object_component_ref idref="oc-1f2"/>
      </symbol>
      <symbol id="sm-3f0">
         <name>_lock</name>
         <value>0x20000e90</value>
         <object_component_ref idref="oc-193"/>
      </symbol>
      <symbol id="sm-3f1">
         <name>_unlock</name>
         <value>0x20000e94</value>
         <object_component_ref idref="oc-193"/>
      </symbol>
      <symbol id="sm-420">
         <name>IntRegister</name>
         <value>0x1ddd</value>
         <object_component_ref idref="oc-144"/>
      </symbol>
      <symbol id="sm-421">
         <name>g_pfnRAMVectors</name>
         <value>0x20000000</value>
         <object_component_ref idref="oc-1ca"/>
      </symbol>
      <symbol id="sm-422">
         <name>IntMasterEnable</name>
         <value>0x1f39</value>
         <object_component_ref idref="oc-14a"/>
      </symbol>
      <symbol id="sm-42c">
         <name>CPUcpsie</name>
         <value>0x1f57</value>
         <object_component_ref idref="oc-1d4"/>
      </symbol>
      <symbol id="sm-42d">
         <name>__TI_static_base__</name>
         <value>0x0</value>
      </symbol>
      <symbol id="sm-430">
         <name>__mpu_init</name>
         <value>0x0</value>
      </symbol>
      <symbol id="sm-431">
         <name>_system_post_cinit</name>
         <value>0x0</value>
      </symbol>
   </symbol_table>
   <title>Link successful</title>
</link_info>
