******************************************************************************
                  TI ARM Linker PC v20.2.4                     
******************************************************************************
>> Linked Mon May 30 13:18:07 2022

OUTPUT FILE NAME:   <lab_3.out>
ENTRY POINT SYMBOL: "_c_int00_noargs"  address: 00004499


MEMORY CONFIGURATION

         name            origin    length      used     unused   attr    fill
----------------------  --------  ---------  --------  --------  ----  --------
  FLASH                 00000000   00040000  00004955  0003b6ab  R  X
  SRAM                  20000000   00008000  0000219e  00005e62  RW X


SEGMENT ALLOCATION MAP

run origin  load origin   length   init length attrs members
----------  ----------- ---------- ----------- ----- -------
00000000    00000000    00004960   00004960    r-x
  00000000    00000000    0000026c   0000026c    r-- .intvecs
  0000026c    0000026c    000043f8   000043f8    r-x .text
  00004668    00004668    00000261   00000261    r-- .const
  000048d0    000048d0    00000090   00000090    r-- .cinit
20000000    20000000    000021a5   00000000    rw-
  20000000    20000000    0000026c   00000000    rw- .vtable
  20000270    20000270    000012bd   00000000    rw- .bss
  20001530    20001530    00000800   00000000    rw- .stack
  20001d30    20001d30    00000400   00000000    rw- .sysmem
  20002130    20002130    00000075   00000000    rw- .data


SECTION ALLOCATION MAP

 output                                  attributes/
section   page    origin      length       input sections
--------  ----  ----------  ----------   ----------------
.intvecs   0    00000000    0000026c     
                  00000000    0000026c     tm4c123gh6pm_startup_ccs.obj (.intvecs)

.text      0    0000026c    000043f8     
                  0000026c    00000a4e     rtsv7M4_T_le_v4SPD16_eabi.lib : _printfi.c.obj (.text:__TI_printfi)
                  00000cba    00000002                                   : div0.asm.obj (.text)
                  00000cbc    00000738                                   : k_rem_pio2.c.obj (.text:__kernel_rem_pio2)
                  000013f4    00000678     main.obj (.text)
                  00001a6c    000005c4     rtsv7M4_T_le_v4SPD16_eabi.lib : s_sin.c.obj (.text:sin)
                  00002030    00000328     lcd.obj (.text)
                  00002358    00000270     rtsv7M4_T_le_v4SPD16_eabi.lib : _printfi.c.obj (.text:_pconv_a)
                  000025c8    00000260     libcybotScan.lib : cyBot_Scan.obj (.text)
                  00002828    00000248     Timer.obj (.text)
                  00002a70    000001ec     libcybotScan.lib : ping.obj (.text)
                  00002c5c    000001d0     rtsv7M4_T_le_v4SPD16_eabi.lib : _printfi.c.obj (.text:_pconv_g)
                  00002e2c    000001b6                                   : fd_add_t2.asm.obj (.text)
                  00002fe2    00000002     --HOLE-- [fill = 0]
                  00002fe4    00000174                                   : k_sin.c.obj (.text:__kernel_sin)
                  00003158    0000016c                                   : k_cos.c.obj (.text:__kernel_cos)
                  000032c4    0000015c     libcybotUART.lib : uart.obj (.text)
                  00003420    00000158     libcybotScan.lib : servo.obj (.text)
                  00003578    0000013c     rtsv7M4_T_le_v4SPD16_eabi.lib : _printfi.c.obj (.text:_pconv_e)
                  000036b4    00000136                                   : fd_div_t2.asm.obj (.text)
                  000037ea    00000002     --HOLE-- [fill = 0]
                  000037ec    00000124                                   : _printfi.c.obj (.text:fcvt)
                  00003910    00000118     libcybotScan.lib : ir.obj (.text)
                  00003a28    00000110     rtsv7M4_T_le_v4SPD16_eabi.lib : s_scalbn.c.obj (.text:scalbn)
                  00003b38    000000fc                                   : fd_mul_t2.asm.obj (.text)
                  00003c34    000000f8                                   : s_floor.c.obj (.text:floor)
                  00003d2c    000000b1                                   : _printfi.c.obj (.text:_ltostr)
                  00003ddd    00000001     --HOLE-- [fill = 0]
                  00003dde    0000009c                                   : memcpy_t2.asm.obj (.text)
                  00003e7a    00000096                                   : ull_div_t2.asm.obj (.text)
                  00003f10    00000086                                   : fd_cmp_t2.asm.obj (.text:__aeabi_cdcmple)
                  00003f96    00000086                                   : fd_cmp_t2.asm.obj (.text:__aeabi_cdrcmple)
                  0000401c    0000007a                                   : memset_t2.asm.obj (.text)
                  00004096    0000006e                                   : _printfi.c.obj (.text:_mcpy)
                  00004104    00000068                                   : copy_decompress_lzss.c.obj (.text:decompress:lzss:__TI_decompress_lzss)
                  0000416c    00000064                                   : s_frexp.c.obj (.text:frexp)
                  000041d0    00000056                                   : _printfi.c.obj (.text:_pconv_f)
                  00004226    00000054                                   : _ltoa.c.obj (.text:__TI_ltoa)
                  0000427a    00000052                                   : _printfi.c.obj (.text:_ecpy)
                  000042cc    0000004c                                   : atoi.c.obj (.text:atoi)
                  00004318    00000048                                   : fd_toi_t2.asm.obj (.text)
                  00004360    00000044                                   : autoinit.c.obj (.text:__TI_auto_init_nobinit_nopinit:__TI_auto_init_nobinit_nopinit)
                  000043a4    00000040                                   : sprintf.c.obj (.text:sprintf)
                  000043e4    00000040                                   : vsnprintf.c.obj (.text:vsnprintf)
                  00004424    0000003e                                   : _printfi.c.obj (.text:_fcpy)
                  00004462    00000002     --HOLE-- [fill = 0]
                  00004464    00000034     driverlib.lib : interrupt.obj (.text:IntRegister)
                  00004498    00000034     rtsv7M4_T_le_v4SPD16_eabi.lib : boot_cortex_m.c.obj (.text:_c_int00_noargs:_c_int00_noargs)
                  000044cc    00000030                                   : vsnprintf.c.obj (.text:_outs)
                  000044fc    0000002e                                   : i_tofd_t2.asm.obj (.text)
                  0000452a    0000001c                                   : memccpy.c.obj (.text:memccpy)
                  00004546    0000001a                                   : s_copysign.c.obj (.text:copysign)
                  00004560    00000018                                   : vsnprintf.c.obj (.text:_outc)
                  00004578    00000018                                   : sprintf.c.obj (.text:_outs)
                  00004590    00000018                                   : strcmp.c.obj (.text:strcmp)
                  000045a8    00000016                                   : strchr.c.obj (.text:strchr)
                  000045be    00000014                                   : strcpy.c.obj (.text:strcpy)
                  000045d2    00000014                                   : strlen.c.obj (.text:strlen)
                  000045e6    00000012                                   : wcslen.c.obj (.text:wcslen)
                  000045f8    00000010     driverlib.lib : interrupt.obj (.text:IntMasterEnable)
                  00004608    00000010     lcd.obj (.text:lcd_clear)
                  00004618    0000000e     rtsv7M4_T_le_v4SPD16_eabi.lib : copy_decompress_none.c.obj (.text:decompress:none:__TI_decompress_none)
                  00004626    0000000c     driverlib.lib : cpu.obj (.text:CPUcpsie)
                  00004632    0000000c     rtsv7M4_T_le_v4SPD16_eabi.lib : copy_zero_init.c.obj (.text:decompress:ZI:__TI_zero_init)
                  0000463e    0000000c     tm4c123gh6pm_startup_ccs.obj (.text)
                  0000464a    0000000a     rtsv7M4_T_le_v4SPD16_eabi.lib : sprintf.c.obj (.text:_outc)
                  00004654    00000008                                   : errno.c.obj (.text:__aeabi_errno_addr)
                  0000465c    00000004                                   : pre_init.c.obj (.text:_system_pre_init)
                  00004660    00000004                                   : exit.c.obj (.text:abort:abort)

.const     0    00004668    00000261     
                  00004668    00000158     rtsv7M4_T_le_v4SPD16_eabi.lib : k_rem_pio2.c.obj (.const:$O1$$)
                  000047c0    00000101                                   : ctype.c.obj (.const:.string:_ctypes_)
                  000048c1    00000004     lcd.obj (.const:.string:lineAddress$1)
                  000048c5    00000004     lcd.obj (.const:.string:lineAddresses$2)

.cinit     0    000048d0    00000090     
                  000048d0    00000059     (.cinit..data.load) [load image, compression = lzss]
                  00004929    00000003     --HOLE-- [fill = 0]
                  0000492c    0000000c     (__TI_handler_table)
                  00004938    00000008     (.cinit..bss.load) [load image, compression = zero_init]
                  00004940    00000008     (.cinit..vtable.load) [load image, compression = zero_init]
                  00004948    00000018     (__TI_cinit_table)

.init_array 
*          0    00000000    00000000     UNINITIALIZED

.vtable    0    20000000    0000026c     UNINITIALIZED
                  20000000    0000026c     driverlib.lib : interrupt.obj (.vtable)

.bss       0    20000270    000012bd     UNINITIALIZED
                  20000270    00000af0     (.common:data)
                  20000d60    000001f4     (.common:putty)
                  20000f54    000001f4     (.common:putty2)
                  20001148    00000190     (.common:ir_data)
                  200012d8    00000190     (.common:sound_dist)
                  20001468    00000054     lcd.obj (.bss:lastbuffer$3)
                  200014bc    00000034     (.common:isr_char_buffer)
                  200014f0    00000008     (.common:half_angle)
                  200014f8    00000004     (.common:_timeout_ticks)
                  200014fc    00000004     (.common:count)
                  20001500    00000004     (.common:fallingEdge)
                  20001504    00000004     (.common:i)
                  20001508    00000004     (.common:isr_int_value)
                  2000150c    00000004     (.common:j)
                  20001510    00000004     (.common:left_calibration_value)
                  20001514    00000004     (.common:no_obj)
                  20001518    00000004     (.common:obj)
                  2000151c    00000004     (.common:pulseLength)
                  20001520    00000004     (.common:right_calibration_value)
                  20001524    00000004     (.common:risingEdge)
                  20001528    00000004     (.common:smallest_angle)
                  2000152c    00000001     (.common:isRisingEdge)

.stack     0    20001530    00000800     UNINITIALIZED
                  20001530    00000004     rtsv7M4_T_le_v4SPD16_eabi.lib : boot_cortex_m.c.obj (.stack)
                  20001534    000007fc     --HOLE--

.sysmem    0    20001d30    00000400     UNINITIALIZED
                  20001d30    00000010     rtsv7M4_T_le_v4SPD16_eabi.lib : memory.c.obj (.sysmem)
                  20001d40    000003f0     --HOLE--

.data      0    20002130    00000075     UNINITIALIZED
                  20002130    00000040     main.obj (.data:header2)
                  20002170    00000024     main.obj (.data:header)
                  20002194    00000004     libcybotScan.lib : cyBot_Scan.obj (.data)
                  20002198    00000004     libcybotUART.lib : uart.obj (.data)
                  2000219c    00000004     main.obj (.data)
                  200021a0    00000004     rtsv7M4_T_le_v4SPD16_eabi.lib : errno.c.obj (.data)
                  200021a4    00000001     Timer.obj (.data)

__llvm_prf_cnts 
*          0    20000000    00000000     UNINITIALIZED

MODULE SUMMARY

       Module                         code    ro data   rw data
       ------                         ----    -------   -------
    .\
       main.obj                       1656    0         4744   
       lcd.obj                        824     8         84     
       tm4c123gh6pm_startup_ccs.obj   12      620       0      
       Timer.obj                      584     0         5      
    +--+------------------------------+-------+---------+---------+
       Total:                         3076    628       4833   
                                                               
    ../libcybotScan.lib
       cyBot_Scan.obj                 608     0         4      
       ping.obj                       492     0         13     
       servo.obj                      344     0         0      
       ir.obj                         280     0         4      
    +--+------------------------------+-------+---------+---------+
       Total:                         1724    0         21     
                                                               
    ../libcybotUART.lib
       uart.obj                       348     0         56     
    +--+------------------------------+-------+---------+---------+
       Total:                         348     0         56     
                                                               
    C:/ti/TivaWare_C_Series-2.1.4.178/driverlib/ccs/Debug/driverlib.lib
       interrupt.obj                  68      0         620    
       cpu.obj                        12      0         0      
    +--+------------------------------+-------+---------+---------+
       Total:                         80      0         620    
                                                               
    C:\ti\ccs1031\ccs\tools\compiler\ti-cgt-arm_20.2.4.LTS\lib\rtsv7M4_T_le_v4SPD16_eabi.lib
       _printfi.c.obj                 4851    0         0      
       k_rem_pio2.c.obj               1848    344       0      
       s_sin.c.obj                    1476    0         0      
       fd_add_t2.asm.obj              438     0         0      
       k_sin.c.obj                    372     0         0      
       k_cos.c.obj                    364     0         0      
       fd_div_t2.asm.obj              310     0         0      
       s_scalbn.c.obj                 272     0         0      
       fd_cmp_t2.asm.obj              268     0         0      
       ctype.c.obj                    0       257       0      
       fd_mul_t2.asm.obj              252     0         0      
       s_floor.c.obj                  248     0         0      
       memcpy_t2.asm.obj              156     0         0      
       ull_div_t2.asm.obj             150     0         0      
       vsnprintf.c.obj                136     0         0      
       memset_t2.asm.obj              122     0         0      
       copy_decompress_lzss.c.obj     104     0         0      
       s_frexp.c.obj                  100     0         0      
       sprintf.c.obj                  98      0         0      
       _ltoa.c.obj                    84      0         0      
       atoi.c.obj                     76      0         0      
       fd_toi_t2.asm.obj              72      0         0      
       autoinit.c.obj                 68      0         0      
       boot_cortex_m.c.obj            52      0         0      
       i_tofd_t2.asm.obj              46      0         0      
       memccpy.c.obj                  28      0         0      
       s_copysign.c.obj               26      0         0      
       strcmp.c.obj                   24      0         0      
       strchr.c.obj                   22      0         0      
       strcpy.c.obj                   20      0         0      
       strlen.c.obj                   20      0         0      
       wcslen.c.obj                   18      0         0      
       copy_decompress_none.c.obj     14      0         0      
       copy_zero_init.c.obj           12      0         0      
       errno.c.obj                    8       0         4      
       exit.c.obj                     4       0         0      
       pre_init.c.obj                 4       0         0      
       div0.asm.obj                   2       0         0      
    +--+------------------------------+-------+---------+---------+
       Total:                         12165   601       4      
                                                               
       Heap:                          0       0         1024   
       Stack:                         0       0         2048   
       Linker Generated:              0       141       0      
    +--+------------------------------+-------+---------+---------+
       Grand Total:                   17393   1370      8606   


LINKER GENERATED COPY TABLES

__TI_cinit_table @ 00004948 records: 3, size/record: 8, table size: 24
	.data: load addr=000048d0, load size=00000059 bytes, run addr=20002130, run size=00000075 bytes, compression=lzss
	.bss: load addr=00004938, load size=00000008 bytes, run addr=20000270, run size=000012bd bytes, compression=zero_init
	.vtable: load addr=00004940, load size=00000008 bytes, run addr=20000000, run size=0000026c bytes, compression=zero_init


LINKER GENERATED HANDLER TABLE

__TI_handler_table @ 0000492c records: 3, size/record: 4, table size: 12
	index: 0, handler: __TI_zero_init
	index: 1, handler: __TI_decompress_lzss
	index: 2, handler: __TI_decompress_none


GLOBAL SYMBOLS: SORTED ALPHABETICALLY BY Name 

address   name                          
-------   ----                          
000039a9  ADC0SS0_Handler               
00004661  C$$EXIT                       
00004627  CPUcpsie                      
000045f9  IntMasterEnable               
00004465  IntRegister                   
0000463f  ResetISR                      
00002b61  TIMER3B_Handler               
20001d30  __STACK_END                   
00000800  __STACK_SIZE                  
20001730  __STACK_TOP                   
00000400  __SYSMEM_SIZE                 
00004948  __TI_CINIT_Base               
00004960  __TI_CINIT_Limit              
0000492c  __TI_Handler_Table_Base       
00004938  __TI_Handler_Table_Limit      
00004361  __TI_auto_init_nobinit_nopinit
00004105  __TI_decompress_lzss          
00004619  __TI_decompress_none          
00004227  __TI_ltoa                     
ffffffff  __TI_pprof_out_hndl           
0000026d  __TI_printfi                  
ffffffff  __TI_prof_data_size           
ffffffff  __TI_prof_data_start          
00000000  __TI_static_base__            
00004633  __TI_zero_init                
00003f11  __aeabi_cdcmpeq               
00003f11  __aeabi_cdcmple               
00003f97  __aeabi_cdrcmple              
00004319  __aeabi_d2iz                  
00002e37  __aeabi_dadd                  
000036b5  __aeabi_ddiv                  
00003b39  __aeabi_dmul                  
00002e2d  __aeabi_dsub                  
00004655  __aeabi_errno_addr            
000044fd  __aeabi_i2d                   
00000cbb  __aeabi_idiv0                 
00000cbb  __aeabi_ldiv0                 
0000401d  __aeabi_memclr                
0000401d  __aeabi_memclr4               
0000401d  __aeabi_memclr8               
00003ddf  __aeabi_memcpy                
00003ddf  __aeabi_memcpy4               
00003ddf  __aeabi_memcpy8               
0000401f  __aeabi_memset                
0000401f  __aeabi_memset4               
0000401f  __aeabi_memset8               
00003e7b  __aeabi_uldivmod              
ffffffff  __binit__                     
ffffffff  __c_args__                    
00003159  __kernel_cos                  
00000cbd  __kernel_rem_pio2             
00002fe5  __kernel_sin                  
UNDEFED   __mpu_init                    
20001530  __stack                       
20000000  __start___llvm_prf_cnts       
20000000  __stop___llvm_prf_cnts        
00004499  _c_int00_noargs               
000047c0  _ctypes_                      
200021a4  _running                      
20001d30  _sys_memory                   
UNDEFED   _system_post_cinit            
0000465d  _system_pre_init              
200014f8  _timeout_ticks                
00004661  abort                         
000042cd  atoi                          
ffffffff  binit                         
00004547  copysign                      
00004547  copysignl                     
200014fc  count                         
000026a1  cyBOT_SERVO_cal               
0000262f  cyBOT_Scan                    
000025d7  cyBOT_init_Scan               
20002194  cyBOT_scan_features           
000025c9  cyBOT_scan_version            
000033cd  cyBot_UART1_Handler           
000033b3  cyBot_getByte                 
000032c5  cyBot_sendByte                
00003395  cyBot_uart_flush              
00003303  cyBot_uart_init               
000032eb  cyBot_uart_sendBuffer         
000032d1  cyBot_uart_sendStr            
20000270  data                          
200021a0  errno                         
20001500  fallingEdge                   
00003c35  floor                         
00003c35  floorl                        
0000416d  frexp                         
0000416d  frexpl                        
20000000  g_pfnRAMVectors               
00000000  g_pfnVectors                  
200014f0  half_angle                    
20002170  header                        
20002130  header2                       
20001504  i                             
20001148  ir_data                       
000039bf  ir_enableInterrupt            
000039a1  ir_getDistance                
00003979  ir_getValue                   
00003911  ir_init                       
2000152c  isRisingEdge                  
200014bc  isr_char_buffer               
20002198  isr_counter                   
20001508  isr_int_value                 
2000150c  j                             
00004609  lcd_clear                     
00002205  lcd_gotoLine                  
0000206d  lcd_init                      
0000226b  lcd_printf                    
0000212d  lcd_putc                      
00002165  lcd_puts                      
00002031  lcd_reverseNibble             
00002183  lcd_sendCommand               
000021c1  lcd_sendNibble                
0000222d  lcd_setCursorPos              
00003a29  ldexp                         
00003a29  ldexpl                        
20001510  left_calibration_value        
000013f5  main                          
0000452b  memccpy                       
00003ddf  memcpy                        
00004025  memset                        
20001514  no_obj                        
20001518  obj                           
00002bb3  ping_getDistance              
00002a71  ping_init                     
00002af7  ping_trigger                  
2000151c  pulseLength                   
20000d60  putty                         
20000f54  putty2                        
20001520  right_calibration_value       
20001524  risingEdge                    
00003a29  scalbn                        
00003a29  scalbnl                       
00003421  servo_init                    
000034b1  servo_move                    
00003511  servo_setPWM                  
000034a5  servo_stop                    
00001a6d  sin                           
00001a6d  sinl                          
20001528  smallest_angle                
2000219c  smallest_width                
200012d8  sound_dist                    
000043a5  sprintf                       
000045a9  strchr                        
00004591  strcmp                        
000045bf  strcpy                        
000045d3  strlen                        
00002947  timer_getMicros               
000028ef  timer_getMillis               
00002829  timer_init                    
000028cb  timer_pause                   
000028dd  timer_resume                  
000028a1  timer_stop                    
000029a1  timer_waitMicros              
000029d3  timer_waitMillis              
000043e5  vsnprintf                     
000045e7  wcslen                        


GLOBAL SYMBOLS: SORTED BY Symbol Address 

address   name                          
-------   ----                          
00000000  __TI_static_base__            
00000000  g_pfnVectors                  
0000026d  __TI_printfi                  
00000400  __SYSMEM_SIZE                 
00000800  __STACK_SIZE                  
00000cbb  __aeabi_idiv0                 
00000cbb  __aeabi_ldiv0                 
00000cbd  __kernel_rem_pio2             
000013f5  main                          
00001a6d  sin                           
00001a6d  sinl                          
00002031  lcd_reverseNibble             
0000206d  lcd_init                      
0000212d  lcd_putc                      
00002165  lcd_puts                      
00002183  lcd_sendCommand               
000021c1  lcd_sendNibble                
00002205  lcd_gotoLine                  
0000222d  lcd_setCursorPos              
0000226b  lcd_printf                    
000025c9  cyBOT_scan_version            
000025d7  cyBOT_init_Scan               
0000262f  cyBOT_Scan                    
000026a1  cyBOT_SERVO_cal               
00002829  timer_init                    
000028a1  timer_stop                    
000028cb  timer_pause                   
000028dd  timer_resume                  
000028ef  timer_getMillis               
00002947  timer_getMicros               
000029a1  timer_waitMicros              
000029d3  timer_waitMillis              
00002a71  ping_init                     
00002af7  ping_trigger                  
00002b61  TIMER3B_Handler               
00002bb3  ping_getDistance              
00002e2d  __aeabi_dsub                  
00002e37  __aeabi_dadd                  
00002fe5  __kernel_sin                  
00003159  __kernel_cos                  
000032c5  cyBot_sendByte                
000032d1  cyBot_uart_sendStr            
000032eb  cyBot_uart_sendBuffer         
00003303  cyBot_uart_init               
00003395  cyBot_uart_flush              
000033b3  cyBot_getByte                 
000033cd  cyBot_UART1_Handler           
00003421  servo_init                    
000034a5  servo_stop                    
000034b1  servo_move                    
00003511  servo_setPWM                  
000036b5  __aeabi_ddiv                  
00003911  ir_init                       
00003979  ir_getValue                   
000039a1  ir_getDistance                
000039a9  ADC0SS0_Handler               
000039bf  ir_enableInterrupt            
00003a29  ldexp                         
00003a29  ldexpl                        
00003a29  scalbn                        
00003a29  scalbnl                       
00003b39  __aeabi_dmul                  
00003c35  floor                         
00003c35  floorl                        
00003ddf  __aeabi_memcpy                
00003ddf  __aeabi_memcpy4               
00003ddf  __aeabi_memcpy8               
00003ddf  memcpy                        
00003e7b  __aeabi_uldivmod              
00003f11  __aeabi_cdcmpeq               
00003f11  __aeabi_cdcmple               
00003f97  __aeabi_cdrcmple              
0000401d  __aeabi_memclr                
0000401d  __aeabi_memclr4               
0000401d  __aeabi_memclr8               
0000401f  __aeabi_memset                
0000401f  __aeabi_memset4               
0000401f  __aeabi_memset8               
00004025  memset                        
00004105  __TI_decompress_lzss          
0000416d  frexp                         
0000416d  frexpl                        
00004227  __TI_ltoa                     
000042cd  atoi                          
00004319  __aeabi_d2iz                  
00004361  __TI_auto_init_nobinit_nopinit
000043a5  sprintf                       
000043e5  vsnprintf                     
00004465  IntRegister                   
00004499  _c_int00_noargs               
000044fd  __aeabi_i2d                   
0000452b  memccpy                       
00004547  copysign                      
00004547  copysignl                     
00004591  strcmp                        
000045a9  strchr                        
000045bf  strcpy                        
000045d3  strlen                        
000045e7  wcslen                        
000045f9  IntMasterEnable               
00004609  lcd_clear                     
00004619  __TI_decompress_none          
00004627  CPUcpsie                      
00004633  __TI_zero_init                
0000463f  ResetISR                      
00004655  __aeabi_errno_addr            
0000465d  _system_pre_init              
00004661  C$$EXIT                       
00004661  abort                         
000047c0  _ctypes_                      
0000492c  __TI_Handler_Table_Base       
00004938  __TI_Handler_Table_Limit      
00004948  __TI_CINIT_Base               
00004960  __TI_CINIT_Limit              
20000000  __start___llvm_prf_cnts       
20000000  __stop___llvm_prf_cnts        
20000000  g_pfnRAMVectors               
20000270  data                          
20000d60  putty                         
20000f54  putty2                        
20001148  ir_data                       
200012d8  sound_dist                    
200014bc  isr_char_buffer               
200014f0  half_angle                    
200014f8  _timeout_ticks                
200014fc  count                         
20001500  fallingEdge                   
20001504  i                             
20001508  isr_int_value                 
2000150c  j                             
20001510  left_calibration_value        
20001514  no_obj                        
20001518  obj                           
2000151c  pulseLength                   
20001520  right_calibration_value       
20001524  risingEdge                    
20001528  smallest_angle                
2000152c  isRisingEdge                  
20001530  __stack                       
20001730  __STACK_TOP                   
20001d30  __STACK_END                   
20001d30  _sys_memory                   
20002130  header2                       
20002170  header                        
20002194  cyBOT_scan_features           
20002198  isr_counter                   
2000219c  smallest_width                
200021a0  errno                         
200021a4  _running                      
ffffffff  __TI_pprof_out_hndl           
ffffffff  __TI_prof_data_size           
ffffffff  __TI_prof_data_start          
ffffffff  __binit__                     
ffffffff  __c_args__                    
ffffffff  binit                         
UNDEFED   __mpu_init                    
UNDEFED   _system_post_cinit            

[157 symbols]
